Archive member included to satisfy reference by file (symbol)

/usr/local/Cellar/gcc-arm-none-eabi/20180627/bin/../lib/gcc/arm-none-eabi/7.3.1/../../../../arm-none-eabi/lib/thumb/v7e-m/fpv4-sp/hard/libc.a(lib_a-abs.o)
                              _build/kobukiActuator.o (abs)
/usr/local/Cellar/gcc-arm-none-eabi/20180627/bin/../lib/gcc/arm-none-eabi/7.3.1/../../../../arm-none-eabi/lib/thumb/v7e-m/fpv4-sp/hard/libc.a(lib_a-exit.o)
                              /usr/local/Cellar/gcc-arm-none-eabi/20180627/bin/../lib/gcc/arm-none-eabi/7.3.1/../../../../arm-none-eabi/lib/thumb/v7e-m/fpv4-sp/hard/crt0.o (exit)
/usr/local/Cellar/gcc-arm-none-eabi/20180627/bin/../lib/gcc/arm-none-eabi/7.3.1/../../../../arm-none-eabi/lib/thumb/v7e-m/fpv4-sp/hard/libc.a(lib_a-impure.o)
                              /usr/local/Cellar/gcc-arm-none-eabi/20180627/bin/../lib/gcc/arm-none-eabi/7.3.1/../../../../arm-none-eabi/lib/thumb/v7e-m/fpv4-sp/hard/libc.a(lib_a-exit.o) (_global_impure_ptr)
/usr/local/Cellar/gcc-arm-none-eabi/20180627/bin/../lib/gcc/arm-none-eabi/7.3.1/../../../../arm-none-eabi/lib/thumb/v7e-m/fpv4-sp/hard/libc.a(lib_a-init.o)
                              /usr/local/Cellar/gcc-arm-none-eabi/20180627/bin/../lib/gcc/arm-none-eabi/7.3.1/../../../../arm-none-eabi/lib/thumb/v7e-m/fpv4-sp/hard/crt0.o (__libc_init_array)
/usr/local/Cellar/gcc-arm-none-eabi/20180627/bin/../lib/gcc/arm-none-eabi/7.3.1/../../../../arm-none-eabi/lib/thumb/v7e-m/fpv4-sp/hard/libc.a(lib_a-locale.o)
                              _build/nrf_log_str_formatter.o (__locale_ctype_ptr)
/usr/local/Cellar/gcc-arm-none-eabi/20180627/bin/../lib/gcc/arm-none-eabi/7.3.1/../../../../arm-none-eabi/lib/thumb/v7e-m/fpv4-sp/hard/libc.a(lib_a-mbtowc_r.o)
                              /usr/local/Cellar/gcc-arm-none-eabi/20180627/bin/../lib/gcc/arm-none-eabi/7.3.1/../../../../arm-none-eabi/lib/thumb/v7e-m/fpv4-sp/hard/libc.a(lib_a-locale.o) (__ascii_mbtowc)
/usr/local/Cellar/gcc-arm-none-eabi/20180627/bin/../lib/gcc/arm-none-eabi/7.3.1/../../../../arm-none-eabi/lib/thumb/v7e-m/fpv4-sp/hard/libc.a(lib_a-memcmp.o)
                              _build/nrf_twi_mngr.o (memcmp)
/usr/local/Cellar/gcc-arm-none-eabi/20180627/bin/../lib/gcc/arm-none-eabi/7.3.1/../../../../arm-none-eabi/lib/thumb/v7e-m/fpv4-sp/hard/libc.a(lib_a-memcpy.o)
                              _build/kobukiActuator.o (memcpy)
/usr/local/Cellar/gcc-arm-none-eabi/20180627/bin/../lib/gcc/arm-none-eabi/7.3.1/../../../../arm-none-eabi/lib/thumb/v7e-m/fpv4-sp/hard/libc.a(lib_a-memset.o)
                              /usr/local/Cellar/gcc-arm-none-eabi/20180627/bin/../lib/gcc/arm-none-eabi/7.3.1/../../../../arm-none-eabi/lib/thumb/v7e-m/fpv4-sp/hard/crt0.o (memset)
/usr/local/Cellar/gcc-arm-none-eabi/20180627/bin/../lib/gcc/arm-none-eabi/7.3.1/../../../../arm-none-eabi/lib/thumb/v7e-m/fpv4-sp/hard/libc.a(lib_a-printf.o)
                              _build/main.o (printf)
/usr/local/Cellar/gcc-arm-none-eabi/20180627/bin/../lib/gcc/arm-none-eabi/7.3.1/../../../../arm-none-eabi/lib/thumb/v7e-m/fpv4-sp/hard/libc.a(lib_a-setbuf.o)
                              _build/before_startup.o (setbuf)
/usr/local/Cellar/gcc-arm-none-eabi/20180627/bin/../lib/gcc/arm-none-eabi/7.3.1/../../../../arm-none-eabi/lib/thumb/v7e-m/fpv4-sp/hard/libc.a(lib_a-setvbuf.o)
                              /usr/local/Cellar/gcc-arm-none-eabi/20180627/bin/../lib/gcc/arm-none-eabi/7.3.1/../../../../arm-none-eabi/lib/thumb/v7e-m/fpv4-sp/hard/libc.a(lib_a-setbuf.o) (setvbuf)
/usr/local/Cellar/gcc-arm-none-eabi/20180627/bin/../lib/gcc/arm-none-eabi/7.3.1/../../../../arm-none-eabi/lib/thumb/v7e-m/fpv4-sp/hard/libc.a(lib_a-strcmp.o)
                              /usr/local/Cellar/gcc-arm-none-eabi/20180627/bin/../lib/gcc/arm-none-eabi/7.3.1/../../../../arm-none-eabi/lib/thumb/v7e-m/fpv4-sp/hard/libc.a(lib_a-locale.o) (strcmp)
/usr/local/Cellar/gcc-arm-none-eabi/20180627/bin/../lib/gcc/arm-none-eabi/7.3.1/../../../../arm-none-eabi/lib/thumb/v7e-m/fpv4-sp/hard/libc.a(lib_a-strcpy.o)
                              _build/SEGGER_RTT.o (strcpy)
/usr/local/Cellar/gcc-arm-none-eabi/20180627/bin/../lib/gcc/arm-none-eabi/7.3.1/../../../../arm-none-eabi/lib/thumb/v7e-m/fpv4-sp/hard/libc.a(lib_a-strlen.o)
                              _build/display.o (strlen)
/usr/local/Cellar/gcc-arm-none-eabi/20180627/bin/../lib/gcc/arm-none-eabi/7.3.1/../../../../arm-none-eabi/lib/thumb/v7e-m/fpv4-sp/hard/libc.a(lib_a-vfprintf.o)
                              /usr/local/Cellar/gcc-arm-none-eabi/20180627/bin/../lib/gcc/arm-none-eabi/7.3.1/../../../../arm-none-eabi/lib/thumb/v7e-m/fpv4-sp/hard/libc.a(lib_a-printf.o) (_vfprintf_r)
/usr/local/Cellar/gcc-arm-none-eabi/20180627/bin/../lib/gcc/arm-none-eabi/7.3.1/../../../../arm-none-eabi/lib/thumb/v7e-m/fpv4-sp/hard/libc.a(lib_a-vsnprintf.o)
                              _build/simple_logger.o (vsnprintf)
[...]
Memory Configuration

Name             Origin             Length             Attributes
FLASH            0x0000000000000000 0x0000000000080000 xr
RAM              0x0000000020000000 0x0000000000010000 xrw
*default*        0x0000000000000000 0xffffffffffffffff

Linker script and memory map


.text           0x0000000000000000     0xa008
 *(.isr_vector)
 .isr_vector    0x0000000000000000      0x200 _build/gcc_startup_nrf52.os
                0x0000000000000000                __isr_vector
 *(.text*)
 .text          0x0000000000000200       0x40 /usr/local/Cellar/gcc-arm-none-eabi/20180627/bin/../lib/gcc/arm-none-eabi/7.3.1/thumb/v7e-m/fpv4-sp/hard/crtbegin.o
 .text          0x0000000000000240       0x74 /usr/local/Cellar/gcc-arm-none-eabi/20180627/bin/../lib/gcc/arm-none-eabi/7.3.1/../../../../arm-none-eabi/lib/thumb/v7e-m/fpv4-sp/hard/crt0.o
                0x0000000000000240                _mainCRTStartup
                0x0000000000000240                _start
 .text.getButtonState
                0x00000000000002b4        0x6 _build/main.o
                0x00000000000002b4                getButtonState
 *fill*         0x00000000000002ba        0x2 
 .text.startup.main
                0x00000000000002bc       0x90 _build/main.o
                0x00000000000002bc                main
 .text.nrf_delay_ms.part.0
                0x000000000000034c       0x1c _build/better_error_handling.o
 .text.app_error_fault_handler
                0x0000000000000368      0x104 _build/better_error_handling.o
                0x0000000000000368                app_error_fault_handler
 .text.HardFault_process
                0x000000000000046c       0x9a _build/better_error_handling.o
                0x000000000000046c                HardFault_process
 .text._GetAvailWriteSpace
                0x0000000000000506       0x1c _build/SEGGER_RTT.o
 .text._WriteNoCheck
                0x0000000000000522       0x3a _build/SEGGER_RTT.o
 .text._WriteBlocking
                0x000000000000055c       0x52 _build/SEGGER_RTT.o
 *fill*         0x00000000000005ae        0x2 
 .text._DoInit  0x00000000000005b0       0x60 _build/SEGGER_RTT.o
 .text.SEGGER_RTT_WriteNoLock
                0x0000000000000610       0x68 _build/SEGGER_RTT.o
                0x0000000000000610                SEGGER_RTT_WriteNoLock
 .text.SEGGER_RTT_Write
                0x0000000000000678       0x34 _build/SEGGER_RTT.o
                0x0000000000000678                SEGGER_RTT_Write
 .text.SEGGER_RTT_Init
                0x00000000000006ac        0x4 _build/SEGGER_RTT.o
                0x00000000000006ac                SEGGER_RTT_Init
 .text._write_r
                0x00000000000006b0       0x12 _build/SEGGER_RTT_Syscalls_GCC.o
                0x00000000000006b0                _write_r
 .text.app_error_handler
                0x00000000000006c2       0x1a _build/app_error_handler_gcc.o
                0x00000000000006c2                app_error_handler
 .text.nrfx_coredep_delay_us.constprop.3
                0x00000000000006dc       0x10 _build/app_timer.o
 .text.RTC1_IRQHandler
                0x00000000000006ec       0x9c _build/app_timer.o
                0x00000000000006ec                RTC1_IRQHandler
 .text.SWI0_EGU0_IRQHandler
                0x0000000000000788      0x2a4 _build/app_timer.o
                0x0000000000000788                SWI0_EGU0_IRQHandler
 .text.app_util_disable_irq
                0x0000000000000a2c       0x10 _build/app_util_platform.o
                0x0000000000000a2c                app_util_disable_irq
 .text.app_util_enable_irq
                0x0000000000000a3c       0x14 _build/app_util_platform.o
                0x0000000000000a3c                app_util_enable_irq
 .text.privilege_level_get
                0x0000000000000a50       0x1a _build/app_util_platform.o
                0x0000000000000a50                privilege_level_get
 *fill*         0x0000000000000a6a        0x2 
 .text.app_util_critical_region_enter
                0x0000000000000a6c       0x20 _build/app_util_platform.o
                0x0000000000000a6c                app_util_critical_region_enter
 .text.app_util_critical_region_exit
                0x0000000000000a8c       0x20 _build/app_util_platform.o
                0x0000000000000a8c                app_util_critical_region_exit
 .text.startup.called_first
                0x0000000000000aac       0x10 _build/before_startup.o
                0x0000000000000aac                called_first
 .text.HardFault_Handler
                0x0000000000000abc       0x34 _build/hardfault_handler_gcc.o
                0x0000000000000abc                HardFault_Handler
 .text.HardFault_c_handler
                0x0000000000000af0      0x104 _build/hardfault_implementation.o
                0x0000000000000af0                HardFault_c_handler
 .text.assert_nrf_callback
                0x0000000000000bf4       0x1a _build/nrf_assert.o
                0x0000000000000bf4                assert_nrf_callback
 .text.nrf_atomic_u32_fetch_store
                0x0000000000000c0e       0x14 _build/nrf_atomic.o
                0x0000000000000c0e                nrf_atomic_u32_fetch_store
 .text.nrf_atomic_u32_or
                0x0000000000000c22       0x16 _build/nrf_atomic.o
                0x0000000000000c22                nrf_atomic_u32_or
 .text.nrf_atomic_u32_fetch_and
                0x0000000000000c38       0x16 _build/nrf_atomic.o
                0x0000000000000c38                nrf_atomic_u32_fetch_and
 .text.nrf_atomic_u32_add
                0x0000000000000c4e       0x16 _build/nrf_atomic.o
                0x0000000000000c4e                nrf_atomic_u32_add
 .text.nrf_atomic_u32_sub
                0x0000000000000c64       0x16 _build/nrf_atomic.o
                0x0000000000000c64                nrf_atomic_u32_sub
 .text.nrf_atomic_flag_set
                0x0000000000000c7a        0x6 _build/nrf_atomic.o
                0x0000000000000c7a                nrf_atomic_flag_set
 .text.nrf_atomic_flag_clear_fetch
                0x0000000000000c80        0x6 _build/nrf_atomic.o
                0x0000000000000c80                nrf_atomic_flag_clear_fetch
 *fill*         0x0000000000000c86        0x2 
 .text.nrf_balloc_init
                0x0000000000000c88       0x7c _build/nrf_balloc.o
                0x0000000000000c88                nrf_balloc_init
 .text.nrf_balloc_alloc
                0x0000000000000d04       0x54 _build/nrf_balloc.o
                0x0000000000000d04                nrf_balloc_alloc
 .text.nrf_balloc_free
                0x0000000000000d58       0x48 _build/nrf_balloc.o
                0x0000000000000d58                nrf_balloc_free
 .text.nrf_fprintf_buffer_flush
                0x0000000000000da0       0x24 _build/nrf_fprintf.o
                0x0000000000000da0                nrf_fprintf_buffer_flush
 .text.nrf_fprintf
                0x0000000000000dc4       0x58 _build/nrf_fprintf.o
                0x0000000000000dc4                nrf_fprintf
 .text.buffer_add
                0x0000000000000e1c       0x1e _build/nrf_fprintf_format.o
 *fill*         0x0000000000000e3a        0x2 
 .text.unsigned_print
                0x0000000000000e3c       0xac _build/nrf_fprintf_format.o
 .text.nrf_fprintf_fmt
                0x0000000000000ee8      0x2c4 _build/nrf_fprintf_format.o
                0x0000000000000ee8                nrf_fprintf_fmt
 .text.nrf_log_backend_rtt_flush
                0x00000000000011ac        0x2 _build/nrf_log_backend_rtt.o
 *fill*         0x00000000000011ae        0x2 
 .text.nrf_log_backend_rtt_put
                0x00000000000011b0       0x1c _build/nrf_log_backend_rtt.o
 .text.serial_tx
                0x00000000000011cc       0x50 _build/nrf_log_backend_rtt.o
 .text.nrf_log_backend_rtt_panic_set
                0x000000000000121c        0x2 _build/nrf_log_backend_rtt.o
 .text.nrf_log_backend_rtt_init
                0x000000000000121e        0x4 _build/nrf_log_backend_rtt.o
                0x000000000000121e                nrf_log_backend_rtt_init
 .text.nrf_log_backend_serial_put
                0x0000000000001222       0xcc _build/nrf_log_backend_serial.o
                0x0000000000001222                nrf_log_backend_serial_put
 *fill*         0x00000000000012ee        0x2 
 .text.nrf_log_default_backends_init
                0x00000000000012f0       0x30 _build/nrf_log_default_backends.o
                0x00000000000012f0                nrf_log_default_backends_init
 .text.invalid_packets_omit
                0x0000000000001320       0x3a _build/nrf_log_frontend.o
 *fill*         0x000000000000135a        0x2 
 .text.buf_prealloc
                0x000000000000135c      0x130 _build/nrf_log_frontend.o
 .text.nrf_log_init
                0x000000000000148c       0x3c _build/nrf_log_frontend.o
                0x000000000000148c                nrf_log_init
 .text.nrf_log_module_name_get
                0x00000000000014c8       0x38 _build/nrf_log_frontend.o
                0x00000000000014c8                nrf_log_module_name_get
 .text.nrf_log_color_id_get
                0x0000000000001500       0x2c _build/nrf_log_frontend.o
                0x0000000000001500                nrf_log_color_id_get
 .text.buffer_is_empty
                0x000000000000152c       0x14 _build/nrf_log_frontend.o
                0x000000000000152c                buffer_is_empty
 .text.nrf_log_frontend_dequeue
                0x0000000000001540      0x220 _build/nrf_log_frontend.o
                0x0000000000001540                nrf_log_frontend_dequeue
 .text.std_n    0x0000000000001760       0xd8 _build/nrf_log_frontend.o
 .text.nrf_log_frontend_std_0
                0x0000000000001838        0x8 _build/nrf_log_frontend.o
                0x0000000000001838                nrf_log_frontend_std_0
 .text.nrf_log_frontend_std_1
                0x0000000000001840       0x14 _build/nrf_log_frontend.o
                0x0000000000001840                nrf_log_frontend_std_1
 .text.nrf_log_frontend_std_3
                0x0000000000001854       0x18 _build/nrf_log_frontend.o
                0x0000000000001854                nrf_log_frontend_std_3
 .text.nrf_log_frontend_std_4
                0x000000000000186c       0x1c _build/nrf_log_frontend.o
                0x000000000000186c                nrf_log_frontend_std_4
 .text.nrf_log_backend_add
                0x0000000000001888       0x54 _build/nrf_log_frontend.o
                0x0000000000001888                nrf_log_backend_add
 .text.nrf_log_panic
                0x00000000000018dc       0x2c _build/nrf_log_frontend.o
                0x00000000000018dc                nrf_log_panic
 .text.postfix_process
                0x0000000000001908       0x3c _build/nrf_log_str_formatter.o
 .text.prefix_process
                0x0000000000001944       0x78 _build/nrf_log_str_formatter.o
 .text.nrf_log_std_entry_process
                0x00000000000019bc       0xc8 _build/nrf_log_str_formatter.o
                0x00000000000019bc                nrf_log_std_entry_process
 .text.nrf_log_hexdump_entry_process
                0x0000000000001a84       0xbc _build/nrf_log_str_formatter.o
                0x0000000000001a84                nrf_log_hexdump_entry_process
 .text.memobj_op
                0x0000000000001b40       0xa4 _build/nrf_memobj.o
 .text.nrf_memobj_pool_init
                0x0000000000001be4        0x4 _build/nrf_memobj.o
                0x0000000000001be4                nrf_memobj_pool_init
 .text.nrf_memobj_free
                0x0000000000001be8       0x2c _build/nrf_memobj.o
                0x0000000000001be8                nrf_memobj_free
 .text.nrf_memobj_alloc
                0x0000000000001c14       0x5e _build/nrf_memobj.o
                0x0000000000001c14                nrf_memobj_alloc
 .text.nrf_memobj_get
                0x0000000000001c72        0x8 _build/nrf_memobj.o
                0x0000000000001c72                nrf_memobj_get
 .text.nrf_memobj_put
                0x0000000000001c7a       0x1e _build/nrf_memobj.o
                0x0000000000001c7a                nrf_memobj_put
 .text.nrf_memobj_write
                0x0000000000001c98       0x2c _build/nrf_memobj.o
                0x0000000000001c98                nrf_memobj_write
 .text.nrf_memobj_read
                0x0000000000001cc4       0x2c _build/nrf_memobj.o
                0x0000000000001cc4                nrf_memobj_read
 .text.nrf_pwr_mgmt_init
                0x0000000000001cf0       0x2c _build/nrf_pwr_mgmt.o
                0x0000000000001cf0                nrf_pwr_mgmt_init
 .text.nrf_ringbuf_init
                0x0000000000001d1c       0x1c _build/nrf_ringbuf.o
                0x0000000000001d1c                nrf_ringbuf_init
 .text.nrf_section_iter_init
                0x0000000000001d38       0x30 _build/nrf_section_iter.o
                0x0000000000001d38                nrf_section_iter_init
 .text.nrf_strerror_find
                0x0000000000001d68       0x3c _build/nrf_strerror.o
                0x0000000000001d68                nrf_strerror_find
 .text.nrf_strerror_get
                0x0000000000001da4       0x14 _build/nrf_strerror.o
                0x0000000000001da4                nrf_strerror_get
 .text.POWER_CLOCK_IRQHandler
                0x0000000000001db8       0x64 _build/nrfx_clock.o
                0x0000000000001db8                POWER_CLOCK_IRQHandler
 .text.nrf_gpiote_event_clear
                0x0000000000001e1c       0x18 _build/nrfx_gpiote.o
 .text.channel_free
                0x0000000000001e34       0x1c _build/nrfx_gpiote.o
 .text.nrf_gpio_pin_port_decode.isra.0.part.1
                0x0000000000001e50       0x10 _build/nrfx_gpiote.o
 .text.nrf_gpio_cfg_sense_set
                0x0000000000001e60       0x2e _build/nrfx_gpiote.o
 *fill*         0x0000000000001e8e        0x2 
 .text.nrfx_gpiote_init
                0x0000000000001e90       0x6c _build/nrfx_gpiote.o
                0x0000000000001e90                nrfx_gpiote_init
 .text.nrfx_gpiote_is_init
                0x0000000000001efc       0x14 _build/nrfx_gpiote.o
                0x0000000000001efc                nrfx_gpiote_is_init
 .text.nrfx_gpiote_out_init
                0x0000000000001f10      0x11c _build/nrfx_gpiote.o
                0x0000000000001f10                nrfx_gpiote_out_init
 .text.nrfx_gpiote_out_set
                0x000000000000202c       0x5c _build/nrfx_gpiote.o
                0x000000000000202c                nrfx_gpiote_out_set
 .text.nrfx_gpiote_out_clear
                0x0000000000002088       0x5c _build/nrfx_gpiote.o
                0x0000000000002088                nrfx_gpiote_out_clear
 .text.nrfx_gpiote_in_event_enable
                0x00000000000020e4       0xb8 _build/nrfx_gpiote.o
                0x00000000000020e4                nrfx_gpiote_in_event_enable
 .text.nrfx_gpiote_in_is_set
                0x000000000000219c       0x2c _build/nrfx_gpiote.o
                0x000000000000219c                nrfx_gpiote_in_is_set
 .text.GPIOTE_IRQHandler
                0x00000000000021c8      0x18c _build/nrfx_gpiote.o
                0x00000000000021c8                GPIOTE_IRQHandler
 .text.UARTE0_UART0_IRQHandler
                0x0000000000002354       0x20 _build/nrfx_prs.o
                0x0000000000002354                UARTE0_UART0_IRQHandler
 .text.nrf_pwm_event_clear
                0x0000000000002374       0x10 _build/nrfx_pwm.o
 .text.irq_handler
                0x0000000000002384       0x80 _build/nrfx_pwm.o
 .text.PWM0_IRQHandler
                0x0000000000002404       0x10 _build/nrfx_pwm.o
                0x0000000000002404                PWM0_IRQHandler
 .text.PWM1_IRQHandler
                0x0000000000002414       0x10 _build/nrfx_pwm.o
                0x0000000000002414                PWM1_IRQHandler
 .text.PWM2_IRQHandler
                0x0000000000002424       0x10 _build/nrfx_pwm.o
                0x0000000000002424                PWM2_IRQHandler
 .text.nrf_saadc_event_clear
                0x0000000000002434       0x18 _build/nrfx_saadc.o
 .text.SAADC_IRQHandler
                0x000000000000244c      0x164 _build/nrfx_saadc.o
                0x000000000000244c                SAADC_IRQHandler
 .text.nrf_gpio_pin_port_decode.isra.0.part.1
                0x00000000000025b0       0x10 _build/nrfx_spim.o
 .text.nrf_gpio_pin_clear
                0x00000000000025c0       0x1c _build/nrfx_spim.o
 .text.nrf_gpio_pin_set
                0x00000000000025dc       0x1c _build/nrfx_spim.o
 .text.SPIM1_SPIS1_TWIM1_TWIS1_SPI1_TWI1_IRQHandler
                0x00000000000025f8       0x64 _build/nrfx_spim.o
                0x00000000000025f8                SPIM1_SPIS1_TWIM1_TWIS1_SPI1_TWI1_IRQHandler
 .text.irq_handler.constprop.0
                0x000000000000265c       0x4c _build/nrfx_timer.o
 .text.TIMER0_IRQHandler
                0x00000000000026a8       0x10 _build/nrfx_timer.o
                0x00000000000026a8                TIMER0_IRQHandler
 .text.TIMER1_IRQHandler
                0x00000000000026b8       0x10 _build/nrfx_timer.o
                0x00000000000026b8                TIMER1_IRQHandler
 .text.nrf_twim_event_clear
                0x00000000000026c8       0x10 _build/nrfx_twim.o
 .text.SPIM0_SPIS0_TWIM0_TWIS0_SPI0_TWI0_IRQHandler
                0x00000000000026d8      0x158 _build/nrfx_twim.o
                0x00000000000026d8                SPIM0_SPIS0_TWIM0_TWIS0_SPI0_TWI0_IRQHandler
 .text.errata_12
                0x0000000000002830       0x40 _build/system_nrf52.o
 .text.errata_16
                0x0000000000002870       0x34 _build/system_nrf52.o
 .text.SystemInit
                0x00000000000028a4      0x25c _build/system_nrf52.o
                0x00000000000028a4                SystemInit
 .text          0x0000000000002b00       0x3c _build/gcc_startup_nrf52.os
                0x0000000000002b00                Reset_Handler
                0x0000000000002b28                NMI_Handler
                0x0000000000002b2c                MemoryManagement_Handler
                0x0000000000002b2e                BusFault_Handler
                0x0000000000002b30                UsageFault_Handler
                0x0000000000002b32                SVC_Handler
                0x0000000000002b34                DebugMon_Handler
                0x0000000000002b36                PendSV_Handler
                0x0000000000002b38                SysTick_Handler
                0x0000000000002b3a                TIMER4_IRQHandler
                0x0000000000002b3a                I2S_IRQHandler
                0x0000000000002b3a                SWI4_EGU4_IRQHandler
                0x0000000000002b3a                ECB_IRQHandler
                0x0000000000002b3a                Default_Handler
                0x0000000000002b3a                CCM_AAR_IRQHandler
                0x0000000000002b3a                WDT_IRQHandler
                0x0000000000002b3a                SWI5_EGU5_IRQHandler
                0x0000000000002b3a                RNG_IRQHandler
                0x0000000000002b3a                RTC2_IRQHandler
                0x0000000000002b3a                SWI3_EGU3_IRQHandler
                0x0000000000002b3a                SWI1_EGU1_IRQHandler
                0x0000000000002b3a                SPIM2_SPIS2_SPI2_IRQHandler
                0x0000000000002b3a                NFCT_IRQHandler
                0x0000000000002b3a                MWU_IRQHandler
                0x0000000000002b3a                TIMER2_IRQHandler
                0x0000000000002b3a                COMP_LPCOMP_IRQHandler
                0x0000000000002b3a                RTC0_IRQHandler
                0x0000000000002b3a                SWI2_EGU2_IRQHandler
                0x0000000000002b3a                RADIO_IRQHandler
                0x0000000000002b3a                PDM_IRQHandler
                0x0000000000002b3a                TEMP_IRQHandler
                0x0000000000002b3a                QDEC_IRQHandler
                0x0000000000002b3a                TIMER3_IRQHandler
                0x0000000000002b3a                FPU_IRQHandler
 .text.exit     0x0000000000002b3c       0x20 /usr/local/Cellar/gcc-arm-none-eabi/20180627/bin/../lib/gcc/arm-none-eabi/7.3.1/../../../../arm-none-eabi/lib/thumb/v7e-m/fpv4-sp/hard/libc.a(lib_a-exit.o)
                0x0000000000002b3c                exit
 .text.__libc_init_array
                0x0000000000002b5c       0x48 /usr/local/Cellar/gcc-arm-none-eabi/20180627/bin/../lib/gcc/arm-none-eabi/7.3.1/../../../../arm-none-eabi/lib/thumb/v7e-m/fpv4-sp/hard/libc.a(lib_a-init.o)
                0x0000000000002b5c                __libc_init_array
 .text.__locale_mb_cur_max
                0x0000000000002ba4       0x1c /usr/local/Cellar/gcc-arm-none-eabi/20180627/bin/../lib/gcc/arm-none-eabi/7.3.1/../../../../arm-none-eabi/lib/thumb/v7e-m/fpv4-sp/hard/libc.a(lib_a-locale.o)
                0x0000000000002ba4                __locale_mb_cur_max
 .text.__locale_ctype_ptr
                0x0000000000002bc0       0x1c /usr/local/Cellar/gcc-arm-none-eabi/20180627/bin/../lib/gcc/arm-none-eabi/7.3.1/../../../../arm-none-eabi/lib/thumb/v7e-m/fpv4-sp/hard/libc.a(lib_a-locale.o)
                0x0000000000002bc0                __locale_ctype_ptr
 .text.__ascii_mbtowc
                0x0000000000002bdc       0x2c /usr/local/Cellar/gcc-arm-none-eabi/20180627/bin/../lib/gcc/arm-none-eabi/7.3.1/../../../../arm-none-eabi/lib/thumb/v7e-m/fpv4-sp/hard/libc.a(lib_a-mbtowc_r.o)
                0x0000000000002bdc                __ascii_mbtowc
 .text          0x0000000000002c08      0x134 /usr/local/Cellar/gcc-arm-none-eabi/20180627/bin/../lib/gcc/arm-none-eabi/7.3.1/../../../../arm-none-eabi/lib/thumb/v7e-m/fpv4-sp/hard/libc.a(lib_a-memcpy.o)
                0x0000000000002c08                memcpy
 .text.memset   0x0000000000002d3c       0x94 /usr/local/Cellar/gcc-arm-none-eabi/20180627/bin/../lib/gcc/arm-none-eabi/7.3.1/../../../../arm-none-eabi/lib/thumb/v7e-m/fpv4-sp/hard/libc.a(lib_a-memset.o)
                0x0000000000002d3c                memset
 .text.printf   0x0000000000002dd0       0x28 /usr/local/Cellar/gcc-arm-none-eabi/20180627/bin/../lib/gcc/arm-none-eabi/7.3.1/../../../../arm-none-eabi/lib/thumb/v7e-m/fpv4-sp/hard/libc.a(lib_a-printf.o)
                0x0000000000002dd0                printf
 .text.setbuf   0x0000000000002df8       0x10 /usr/local/Cellar/gcc-arm-none-eabi/20180627/bin/../lib/gcc/arm-none-eabi/7.3.1/../../../../arm-none-eabi/lib/thumb/v7e-m/fpv4-sp/hard/libc.a(lib_a-setbuf.o)
                0x0000000000002df8                setbuf
 .text.setvbuf  0x0000000000002e08      0x180 /usr/local/Cellar/gcc-arm-none-eabi/20180627/bin/../lib/gcc/arm-none-eabi/7.3.1/../../../../arm-none-eabi/lib/thumb/v7e-m/fpv4-sp/hard/libc.a(lib_a-setvbuf.o)
                0x0000000000002e08                setvbuf
 .text.strcpy   0x0000000000002f88       0xbc /usr/local/Cellar/gcc-arm-none-eabi/20180627/bin/../lib/gcc/arm-none-eabi/7.3.1/../../../../arm-none-eabi/lib/thumb/v7e-m/fpv4-sp/hard/libc.a(lib_a-strcpy.o)
                0x0000000000002f88                strcpy
 *fill*         0x0000000000003044       0x3c 
 .text          0x0000000000003080       0xdc /usr/local/Cellar/gcc-arm-none-eabi/20180627/bin/../lib/gcc/arm-none-eabi/7.3.1/../../../../arm-none-eabi/lib/thumb/v7e-m/fpv4-sp/hard/libc.a(lib_a-strlen.o)
                0x0000000000003080                strlen
 *fill*         0x000000000000315c        0x4 
 .text._vfprintf_r
                0x0000000000003160     0x1a7c /usr/local/Cellar/gcc-arm-none-eabi/20180627/bin/../lib/gcc/arm-none-eabi/7.3.1/../../../../arm-none-eabi/lib/thumb/v7e-m/fpv4-sp/hard/libc.a(lib_a-vfprintf.o)
                0x0000000000003160                _vfprintf_r
 .text.__sbprintf
                0x0000000000004bdc       0x84 /usr/local/Cellar/gcc-arm-none-eabi/20180627/bin/../lib/gcc/arm-none-eabi/7.3.1/../../../../arm-none-eabi/lib/thumb/v7e-m/fpv4-sp/hard/libc.a(lib_a-vfprintf.o)
 .text.__ascii_wctomb
                0x0000000000004c60       0x1c /usr/local/Cellar/gcc-arm-none-eabi/20180627/bin/../lib/gcc/arm-none-eabi/7.3.1/../../../../arm-none-eabi/lib/thumb/v7e-m/fpv4-sp/hard/libc.a(lib_a-wctomb_r.o)
                0x0000000000004c60                __ascii_wctomb
 .text.__swsetup_r
                0x0000000000004c7c       0xcc /usr/local/Cellar/gcc-arm-none-eabi/20180627/bin/../lib/gcc/arm-none-eabi/7.3.1/../../../../arm-none-eabi/lib/thumb/v7e-m/fpv4-sp/hard/libc.a(lib_a-wsetup.o)
                0x0000000000004c7c                __swsetup_r
 .text.startup.register_fini
                0x0000000000004d48       0x14 /usr/local/Cellar/gcc-arm-none-eabi/20180627/bin/../lib/gcc/arm-none-eabi/7.3.1/../../../../arm-none-eabi/lib/thumb/v7e-m/fpv4-sp/hard/libc.a(lib_a-__call_atexit.o)
 .text.__call_exitprocs
                0x0000000000004d5c       0xe8 /usr/local/Cellar/gcc-arm-none-eabi/20180627/bin/../lib/gcc/arm-none-eabi/7.3.1/../../../../arm-none-eabi/lib/thumb/v7e-m/fpv4-sp/hard/libc.a(lib_a-__call_atexit.o)
                0x0000000000004d5c                __call_exitprocs
 .text.atexit   0x0000000000004e44        0xc /usr/local/Cellar/gcc-arm-none-eabi/20180627/bin/../lib/gcc/arm-none-eabi/7.3.1/../../../../arm-none-eabi/lib/thumb/v7e-m/fpv4-sp/hard/libc.a(lib_a-atexit.o)
                0x0000000000004e44                atexit
 .text.quorem   0x0000000000004e50      0x124 /usr/local/Cellar/gcc-arm-none-eabi/20180627/bin/../lib/gcc/arm-none-eabi/7.3.1/../../../../arm-none-eabi/lib/thumb/v7e-m/fpv4-sp/hard/libc.a(lib_a-dtoa.o)
 *fill*         0x0000000000004f74        0x4 
 .text._dtoa_r  0x0000000000004f78      0xe20 /usr/local/Cellar/gcc-arm-none-eabi/20180627/bin/../lib/gcc/arm-none-eabi/7.3.1/../../../../arm-none-eabi/lib/thumb/v7e-m/fpv4-sp/hard/libc.a(lib_a-dtoa.o)
                0x0000000000004f78                _dtoa_r
 .text.__sflush_r
                0x0000000000005d98      0x154 /usr/local/Cellar/gcc-arm-none-eabi/20180627/bin/../lib/gcc/arm-none-eabi/7.3.1/../../../../arm-none-eabi/lib/thumb/v7e-m/fpv4-sp/hard/libc.a(lib_a-fflush.o)
                0x0000000000005d98                __sflush_r
 .text._fflush_r
                0x0000000000005eec       0x5c /usr/local/Cellar/gcc-arm-none-eabi/20180627/bin/../lib/gcc/arm-none-eabi/7.3.1/../../../../arm-none-eabi/lib/thumb/v7e-m/fpv4-sp/hard/libc.a(lib_a-fflush.o)
                0x0000000000005eec                _fflush_r
 .text.std      0x0000000000005f48       0x50 /usr/local/Cellar/gcc-arm-none-eabi/20180627/bin/../lib/gcc/arm-none-eabi/7.3.1/../../../../arm-none-eabi/lib/thumb/v7e-m/fpv4-sp/hard/libc.a(lib_a-findfp.o)
 .text._cleanup_r
                0x0000000000005f98        0xc /usr/local/Cellar/gcc-arm-none-eabi/20180627/bin/../lib/gcc/arm-none-eabi/7.3.1/../../../../arm-none-eabi/lib/thumb/v7e-m/fpv4-sp/hard/libc.a(lib_a-findfp.o)
                0x0000000000005f98                _cleanup_r
 .text.__sinit  0x0000000000005fa4       0x58 /usr/local/Cellar/gcc-arm-none-eabi/20180627/bin/../lib/gcc/arm-none-eabi/7.3.1/../../../../arm-none-eabi/lib/thumb/v7e-m/fpv4-sp/hard/libc.a(lib_a-findfp.o)
                0x0000000000005fa4                __sinit
 .text.__sfp_lock_acquire
                0x0000000000005ffc        0xc /usr/local/Cellar/gcc-arm-none-eabi/20180627/bin/../lib/gcc/arm-none-eabi/7.3.1/../../../../arm-none-eabi/lib/thumb/v7e-m/fpv4-sp/hard/libc.a(lib_a-findfp.o)
                0x0000000000005ffc                __sfp_lock_acquire
 .text.__sfp_lock_release
                0x0000000000006008        0xc /usr/local/Cellar/gcc-arm-none-eabi/20180627/bin/../lib/gcc/arm-none-eabi/7.3.1/../../../../arm-none-eabi/lib/thumb/v7e-m/fpv4-sp/hard/libc.a(lib_a-findfp.o)
                0x0000000000006008                __sfp_lock_release
 .text.__libc_fini_array
                0x0000000000006014       0x34 /usr/local/Cellar/gcc-arm-none-eabi/20180627/bin/../lib/gcc/arm-none-eabi/7.3.1/../../../../arm-none-eabi/lib/thumb/v7e-m/fpv4-sp/hard/libc.a(lib_a-fini.o)
                0x0000000000006014                __libc_fini_array
 .text._malloc_trim_r
                0x0000000000006048       0xa0 /usr/local/Cellar/gcc-arm-none-eabi/20180627/bin/../lib/gcc/arm-none-eabi/7.3.1/../../../../arm-none-eabi/lib/thumb/v7e-m/fpv4-sp/hard/libc.a(lib_a-freer.o)
                0x0000000000006048                _malloc_trim_r
 .text._free_r  0x00000000000060e8      0x1e8 /usr/local/Cellar/gcc-arm-none-eabi/20180627/bin/../lib/gcc/arm-none-eabi/7.3.1/../../../../arm-none-eabi/lib/thumb/v7e-m/fpv4-sp/hard/libc.a(lib_a-freer.o)
                0x00000000000060e8                _free_r
 .text._fwalk_reent
                0x00000000000062d0       0x54 /usr/local/Cellar/gcc-arm-none-eabi/20180627/bin/../lib/gcc/arm-none-eabi/7.3.1/../../../../arm-none-eabi/lib/thumb/v7e-m/fpv4-sp/hard/libc.a(lib_a-fwalk.o)
                0x00000000000062d0                _fwalk_reent
 .text._localeconv_r
                0x0000000000006324       0x1c /usr/local/Cellar/gcc-arm-none-eabi/20180627/bin/../lib/gcc/arm-none-eabi/7.3.1/../../../../arm-none-eabi/lib/thumb/v7e-m/fpv4-sp/hard/libc.a(lib_a-localeconv.o)
                0x0000000000006324                _localeconv_r
 .text.__retarget_lock_init_recursive
                0x0000000000006340        0x4 /usr/local/Cellar/gcc-arm-none-eabi/20180627/bin/../lib/gcc/arm-none-eabi/7.3.1/../../../../arm-none-eabi/lib/thumb/v7e-m/fpv4-sp/hard/libc.a(lib_a-lock.o)
                0x0000000000006340                __retarget_lock_init_recursive
 .text.__retarget_lock_close_recursive
                0x0000000000006344        0x4 /usr/local/Cellar/gcc-arm-none-eabi/20180627/bin/../lib/gcc/arm-none-eabi/7.3.1/../../../../arm-none-eabi/lib/thumb/v7e-m/fpv4-sp/hard/libc.a(lib_a-lock.o)
                0x0000000000006344                __retarget_lock_close_recursive
 .text.__retarget_lock_acquire_recursive
                0x0000000000006348        0x4 /usr/local/Cellar/gcc-arm-none-eabi/20180627/bin/../lib/gcc/arm-none-eabi/7.3.1/../../../../arm-none-eabi/lib/thumb/v7e-m/fpv4-sp/hard/libc.a(lib_a-lock.o)
                0x0000000000006348                __retarget_lock_acquire_recursive
 .text.__retarget_lock_release_recursive
                0x000000000000634c        0x4 /usr/local/Cellar/gcc-arm-none-eabi/20180627/bin/../lib/gcc/arm-none-eabi/7.3.1/../../../../arm-none-eabi/lib/thumb/v7e-m/fpv4-sp/hard/libc.a(lib_a-lock.o)
                0x000000000000634c                __retarget_lock_release_recursive
 .text.__swhatbuf_r
                0x0000000000006350       0x5c /usr/local/Cellar/gcc-arm-none-eabi/20180627/bin/../lib/gcc/arm-none-eabi/7.3.1/../../../../arm-none-eabi/lib/thumb/v7e-m/fpv4-sp/hard/libc.a(lib_a-makebuf.o)
                0x0000000000006350                __swhatbuf_r
 .text.__smakebuf_r
                0x00000000000063ac       0x94 /usr/local/Cellar/gcc-arm-none-eabi/20180627/bin/../lib/gcc/arm-none-eabi/7.3.1/../../../../arm-none-eabi/lib/thumb/v7e-m/fpv4-sp/hard/libc.a(lib_a-makebuf.o)
                0x00000000000063ac                __smakebuf_r
 .text.malloc   0x0000000000006440       0x10 /usr/local/Cellar/gcc-arm-none-eabi/20180627/bin/../lib/gcc/arm-none-eabi/7.3.1/../../../../arm-none-eabi/lib/thumb/v7e-m/fpv4-sp/hard/libc.a(lib_a-malloc.o)
                0x0000000000006440                malloc
 .text.free     0x0000000000006450       0x10 /usr/local/Cellar/gcc-arm-none-eabi/20180627/bin/../lib/gcc/arm-none-eabi/7.3.1/../../../../arm-none-eabi/lib/thumb/v7e-m/fpv4-sp/hard/libc.a(lib_a-malloc.o)
                0x0000000000006450                free
 .text._malloc_r
                0x0000000000006460      0x548 /usr/local/Cellar/gcc-arm-none-eabi/20180627/bin/../lib/gcc/arm-none-eabi/7.3.1/../../../../arm-none-eabi/lib/thumb/v7e-m/fpv4-sp/hard/libc.a(lib_a-mallocr.o)
                0x0000000000006460                _malloc_r
 *fill*         0x00000000000069a8        0x8 
 .text          0x00000000000069b0       0xa0 /usr/local/Cellar/gcc-arm-none-eabi/20180627/bin/../lib/gcc/arm-none-eabi/7.3.1/../../../../arm-none-eabi/lib/thumb/v7e-m/fpv4-sp/hard/libc.a(lib_a-memchr.o)
                0x00000000000069b0                memchr
 .text.__malloc_lock
                0x0000000000006a50        0xc /usr/local/Cellar/gcc-arm-none-eabi/20180627/bin/../lib/gcc/arm-none-eabi/7.3.1/../../../../arm-none-eabi/lib/thumb/v7e-m/fpv4-sp/hard/libc.a(lib_a-mlock.o)
                0x0000000000006a50                __malloc_lock
 .text.__malloc_unlock
                0x0000000000006a5c        0xc /usr/local/Cellar/gcc-arm-none-eabi/20180627/bin/../lib/gcc/arm-none-eabi/7.3.1/../../../../arm-none-eabi/lib/thumb/v7e-m/fpv4-sp/hard/libc.a(lib_a-mlock.o)
                0x0000000000006a5c                __malloc_unlock
 .text._Balloc  0x0000000000006a68       0x4c /usr/local/Cellar/gcc-arm-none-eabi/20180627/bin/../lib/gcc/arm-none-eabi/7.3.1/../../../../arm-none-eabi/lib/thumb/v7e-m/fpv4-sp/hard/libc.a(lib_a-mprec.o)
                0x0000000000006a68                _Balloc
 .text._Bfree   0x0000000000006ab4       0x14 /usr/local/Cellar/gcc-arm-none-eabi/20180627/bin/../lib/gcc/arm-none-eabi/7.3.1/../../../../arm-none-eabi/lib/thumb/v7e-m/fpv4-sp/hard/libc.a(lib_a-mprec.o)
                0x0000000000006ab4                _Bfree
 .text.__multadd
                0x0000000000006ac8       0x80 /usr/local/Cellar/gcc-arm-none-eabi/20180627/bin/../lib/gcc/arm-none-eabi/7.3.1/../../../../arm-none-eabi/lib/thumb/v7e-m/fpv4-sp/hard/libc.a(lib_a-mprec.o)
                0x0000000000006ac8                __multadd
 .text.__hi0bits
                0x0000000000006b48       0x40 /usr/local/Cellar/gcc-arm-none-eabi/20180627/bin/../lib/gcc/arm-none-eabi/7.3.1/../../../../arm-none-eabi/lib/thumb/v7e-m/fpv4-sp/hard/libc.a(lib_a-mprec.o)
                0x0000000000006b48                __hi0bits
 .text.__lo0bits
                0x0000000000006b88       0x60 /usr/local/Cellar/gcc-arm-none-eabi/20180627/bin/../lib/gcc/arm-none-eabi/7.3.1/../../../../arm-none-eabi/lib/thumb/v7e-m/fpv4-sp/hard/libc.a(lib_a-mprec.o)
                0x0000000000006b88                __lo0bits
 .text.__i2b    0x0000000000006be8       0x14 /usr/local/Cellar/gcc-arm-none-eabi/20180627/bin/../lib/gcc/arm-none-eabi/7.3.1/../../../../arm-none-eabi/lib/thumb/v7e-m/fpv4-sp/hard/libc.a(lib_a-mprec.o)
                0x0000000000006be8                __i2b
 .text.__multiply
                0x0000000000006bfc      0x14c /usr/local/Cellar/gcc-arm-none-eabi/20180627/bin/../lib/gcc/arm-none-eabi/7.3.1/../../../../arm-none-eabi/lib/thumb/v7e-m/fpv4-sp/hard/libc.a(lib_a-mprec.o)
                0x0000000000006bfc                __multiply
 .text.__pow5mult
                0x0000000000006d48       0xa0 /usr/local/Cellar/gcc-arm-none-eabi/20180627/bin/../lib/gcc/arm-none-eabi/7.3.1/../../../../arm-none-eabi/lib/thumb/v7e-m/fpv4-sp/hard/libc.a(lib_a-mprec.o)
                0x0000000000006d48                __pow5mult
 .text.__lshift
                0x0000000000006de8       0xac /usr/local/Cellar/gcc-arm-none-eabi/20180627/bin/../lib/gcc/arm-none-eabi/7.3.1/../../../../arm-none-eabi/lib/thumb/v7e-m/fpv4-sp/hard/libc.a(lib_a-mprec.o)
                0x0000000000006de8                __lshift
 .text.__mcmp   0x0000000000006e94       0x38 /usr/local/Cellar/gcc-arm-none-eabi/20180627/bin/../lib/gcc/arm-none-eabi/7.3.1/../../../../arm-none-eabi/lib/thumb/v7e-m/fpv4-sp/hard/libc.a(lib_a-mprec.o)
                0x0000000000006e94                __mcmp
 .text.__mdiff  0x0000000000006ecc       0xec /usr/local/Cellar/gcc-arm-none-eabi/20180627/bin/../lib/gcc/arm-none-eabi/7.3.1/../../../../arm-none-eabi/lib/thumb/v7e-m/fpv4-sp/hard/libc.a(lib_a-mprec.o)
                0x0000000000006ecc                __mdiff
 .text.__d2b    0x0000000000006fb8       0xc4 /usr/local/Cellar/gcc-arm-none-eabi/20180627/bin/../lib/gcc/arm-none-eabi/7.3.1/../../../../arm-none-eabi/lib/thumb/v7e-m/fpv4-sp/hard/libc.a(lib_a-mprec.o)
                0x0000000000006fb8                __d2b
 .text.frexp    0x000000000000707c       0x68 /usr/local/Cellar/gcc-arm-none-eabi/20180627/bin/../lib/gcc/arm-none-eabi/7.3.1/../../../../arm-none-eabi/lib/thumb/v7e-m/fpv4-sp/hard/libc.a(lib_a-s_frexp.o)
                0x000000000000707c                frexp
 .text._sbrk_r  0x00000000000070e4       0x24 /usr/local/Cellar/gcc-arm-none-eabi/20180627/bin/../lib/gcc/arm-none-eabi/7.3.1/../../../../arm-none-eabi/lib/thumb/v7e-m/fpv4-sp/hard/libc.a(lib_a-sbrkr.o)
                0x00000000000070e4                _sbrk_r
 .text.__sread  0x0000000000007108       0x24 /usr/local/Cellar/gcc-arm-none-eabi/20180627/bin/../lib/gcc/arm-none-eabi/7.3.1/../../../../arm-none-eabi/lib/thumb/v7e-m/fpv4-sp/hard/libc.a(lib_a-stdio.o)
                0x0000000000007108                __sread
 .text.__swrite
                0x000000000000712c       0x3c /usr/local/Cellar/gcc-arm-none-eabi/20180627/bin/../lib/gcc/arm-none-eabi/7.3.1/../../../../arm-none-eabi/lib/thumb/v7e-m/fpv4-sp/hard/libc.a(lib_a-stdio.o)
                0x000000000000712c                __swrite
 .text.__sseek  0x0000000000007168       0x20 /usr/local/Cellar/gcc-arm-none-eabi/20180627/bin/../lib/gcc/arm-none-eabi/7.3.1/../../../../arm-none-eabi/lib/thumb/v7e-m/fpv4-sp/hard/libc.a(lib_a-stdio.o)
                0x0000000000007168                __sseek
 .text.__sclose
                0x0000000000007188        0x8 /usr/local/Cellar/gcc-arm-none-eabi/20180627/bin/../lib/gcc/arm-none-eabi/7.3.1/../../../../arm-none-eabi/lib/thumb/v7e-m/fpv4-sp/hard/libc.a(lib_a-stdio.o)
                0x0000000000007188                __sclose
 .text.strncpy  0x0000000000007190       0x64 /usr/local/Cellar/gcc-arm-none-eabi/20180627/bin/../lib/gcc/arm-none-eabi/7.3.1/../../../../arm-none-eabi/lib/thumb/v7e-m/fpv4-sp/hard/libc.a(lib_a-strncpy.o)
                0x0000000000007190                strncpy
 .text.__sprint_r.part.0
                0x00000000000071f4       0x78 /usr/local/Cellar/gcc-arm-none-eabi/20180627/bin/../lib/gcc/arm-none-eabi/7.3.1/../../../../arm-none-eabi/lib/thumb/v7e-m/fpv4-sp/hard/libc.a(lib_a-vfiprintf.o)
 .text.__sprint_r
                0x000000000000726c       0x14 /usr/local/Cellar/gcc-arm-none-eabi/20180627/bin/../lib/gcc/arm-none-eabi/7.3.1/../../../../arm-none-eabi/lib/thumb/v7e-m/fpv4-sp/hard/libc.a(lib_a-vfiprintf.o)
                0x000000000000726c                __sprint_r
 .text.__register_exitproc
                0x0000000000007280       0xc0 /usr/local/Cellar/gcc-arm-none-eabi/20180627/bin/../lib/gcc/arm-none-eabi/7.3.1/../../../../arm-none-eabi/lib/thumb/v7e-m/fpv4-sp/hard/libc.a(lib_a-__atexit.o)
                0x0000000000007280                __register_exitproc
 .text._calloc_r
                0x0000000000007340       0x68 /usr/local/Cellar/gcc-arm-none-eabi/20180627/bin/../lib/gcc/arm-none-eabi/7.3.1/../../../../arm-none-eabi/lib/thumb/v7e-m/fpv4-sp/hard/libc.a(lib_a-callocr.o)
                0x0000000000007340                _calloc_r
 .text._close_r
                0x00000000000073a8       0x24 /usr/local/Cellar/gcc-arm-none-eabi/20180627/bin/../lib/gcc/arm-none-eabi/7.3.1/../../../../arm-none-eabi/lib/thumb/v7e-m/fpv4-sp/hard/libc.a(lib_a-closer.o)
                0x00000000000073a8                _close_r
 .text._fclose_r
                0x00000000000073cc       0xd0 /usr/local/Cellar/gcc-arm-none-eabi/20180627/bin/../lib/gcc/arm-none-eabi/7.3.1/../../../../arm-none-eabi/lib/thumb/v7e-m/fpv4-sp/hard/libc.a(lib_a-fclose.o)
                0x00000000000073cc                _fclose_r
 .text.__fputwc
                0x000000000000749c       0xa0 /usr/local/Cellar/gcc-arm-none-eabi/20180627/bin/../lib/gcc/arm-none-eabi/7.3.1/../../../../arm-none-eabi/lib/thumb/v7e-m/fpv4-sp/hard/libc.a(lib_a-fputwc.o)
                0x000000000000749c                __fputwc
 .text._fputwc_r
                0x000000000000753c       0x64 /usr/local/Cellar/gcc-arm-none-eabi/20180627/bin/../lib/gcc/arm-none-eabi/7.3.1/../../../../arm-none-eabi/lib/thumb/v7e-m/fpv4-sp/hard/libc.a(lib_a-fputwc.o)
                0x000000000000753c                _fputwc_r
 .text._fstat_r
                0x00000000000075a0       0x28 /usr/local/Cellar/gcc-arm-none-eabi/20180627/bin/../lib/gcc/arm-none-eabi/7.3.1/../../../../arm-none-eabi/lib/thumb/v7e-m/fpv4-sp/hard/libc.a(lib_a-fstatr.o)
                0x00000000000075a0                _fstat_r
 .text.__sfvwrite_r
                0x00000000000075c8      0x2fc /usr/local/Cellar/gcc-arm-none-eabi/20180627/bin/../lib/gcc/arm-none-eabi/7.3.1/../../../../arm-none-eabi/lib/thumb/v7e-m/fpv4-sp/hard/libc.a(lib_a-fvwrite.o)
                0x00000000000075c8                __sfvwrite_r
 .text._isatty_r
                0x00000000000078c4       0x24 /usr/local/Cellar/gcc-arm-none-eabi/20180627/bin/../lib/gcc/arm-none-eabi/7.3.1/../../../../arm-none-eabi/lib/thumb/v7e-m/fpv4-sp/hard/libc.a(lib_a-isattyr.o)
                0x00000000000078c4                _isatty_r
 .text._lseek_r
                0x00000000000078e8       0x2c /usr/local/Cellar/gcc-arm-none-eabi/20180627/bin/../lib/gcc/arm-none-eabi/7.3.1/../../../../arm-none-eabi/lib/thumb/v7e-m/fpv4-sp/hard/libc.a(lib_a-lseekr.o)
                0x00000000000078e8                _lseek_r
 .text.memmove  0x0000000000007914       0xc8 /usr/local/Cellar/gcc-arm-none-eabi/20180627/bin/../lib/gcc/arm-none-eabi/7.3.1/../../../../arm-none-eabi/lib/thumb/v7e-m/fpv4-sp/hard/libc.a(lib_a-memmove.o)
                0x0000000000007914                memmove
 .text._read_r  0x00000000000079dc       0x2c /usr/local/Cellar/gcc-arm-none-eabi/20180627/bin/../lib/gcc/arm-none-eabi/7.3.1/../../../../arm-none-eabi/lib/thumb/v7e-m/fpv4-sp/hard/libc.a(lib_a-readr.o)
                0x00000000000079dc                _read_r
 .text._realloc_r
                0x0000000000007a08      0x35c /usr/local/Cellar/gcc-arm-none-eabi/20180627/bin/../lib/gcc/arm-none-eabi/7.3.1/../../../../arm-none-eabi/lib/thumb/v7e-m/fpv4-sp/hard/libc.a(lib_a-reallocr.o)
                0x0000000000007a08                _realloc_r
 .text.__swbuf_r
                0x0000000000007d64       0xb0 /usr/local/Cellar/gcc-arm-none-eabi/20180627/bin/../lib/gcc/arm-none-eabi/7.3.1/../../../../arm-none-eabi/lib/thumb/v7e-m/fpv4-sp/hard/libc.a(lib_a-wbuf.o)
                0x0000000000007d64                __swbuf_r
 .text._wcrtomb_r
                0x0000000000007e14       0x50 /usr/local/Cellar/gcc-arm-none-eabi/20180627/bin/../lib/gcc/arm-none-eabi/7.3.1/../../../../arm-none-eabi/lib/thumb/v7e-m/fpv4-sp/hard/libc.a(lib_a-wcrtomb.o)
                0x0000000000007e14                _wcrtomb_r
 .text._close   0x0000000000007e64       0x10 /usr/local/Cellar/gcc-arm-none-eabi/20180627/bin/../lib/gcc/arm-none-eabi/7.3.1/../../../../arm-none-eabi/lib/thumb/v7e-m/fpv4-sp/hard/libnosys.a(close.o)
                0x0000000000007e64                _close
 .text._fstat   0x0000000000007e74       0x10 /usr/local/Cellar/gcc-arm-none-eabi/20180627/bin/../lib/gcc/arm-none-eabi/7.3.1/../../../../arm-none-eabi/lib/thumb/v7e-m/fpv4-sp/hard/libnosys.a(fstat.o)
                0x0000000000007e74                _fstat
 .text._isatty  0x0000000000007e84       0x10 /usr/local/Cellar/gcc-arm-none-eabi/20180627/bin/../lib/gcc/arm-none-eabi/7.3.1/../../../../arm-none-eabi/lib/thumb/v7e-m/fpv4-sp/hard/libnosys.a(isatty.o)
                0x0000000000007e84                _isatty
 .text._lseek   0x0000000000007e94       0x10 /usr/local/Cellar/gcc-arm-none-eabi/20180627/bin/../lib/gcc/arm-none-eabi/7.3.1/../../../../arm-none-eabi/lib/thumb/v7e-m/fpv4-sp/hard/libnosys.a(lseek.o)
                0x0000000000007e94                _lseek
 .text._read    0x0000000000007ea4       0x10 /usr/local/Cellar/gcc-arm-none-eabi/20180627/bin/../lib/gcc/arm-none-eabi/7.3.1/../../../../arm-none-eabi/lib/thumb/v7e-m/fpv4-sp/hard/libnosys.a(read.o)
                0x0000000000007ea4                _read
 .text._sbrk    0x0000000000007eb4       0x1c /usr/local/Cellar/gcc-arm-none-eabi/20180627/bin/../lib/gcc/arm-none-eabi/7.3.1/../../../../arm-none-eabi/lib/thumb/v7e-m/fpv4-sp/hard/libnosys.a(sbrk.o)
                0x0000000000007eb4                _sbrk
 .text._exit    0x0000000000007ed0        0x4 /usr/local/Cellar/gcc-arm-none-eabi/20180627/bin/../lib/gcc/arm-none-eabi/7.3.1/../../../../arm-none-eabi/lib/thumb/v7e-m/fpv4-sp/hard/libnosys.a(_exit.o)
                0x0000000000007ed0                _exit
 .text          0x0000000000007ed4      0x378 /usr/local/Cellar/gcc-arm-none-eabi/20180627/bin/../lib/gcc/arm-none-eabi/7.3.1/thumb/v7e-m/fpv4-sp/hard/libgcc.a(_arm_addsubdf3.o)
                0x0000000000007ed4                __aeabi_drsub
                0x0000000000007edc                __subdf3
                0x0000000000007edc                __aeabi_dsub
                0x0000000000007ee0                __aeabi_dadd
                0x0000000000007ee0                __adddf3
                0x0000000000008158                __aeabi_ui2d
                0x0000000000008158                __floatunsidf
                0x0000000000008178                __floatsidf
                0x0000000000008178                __aeabi_i2d
                0x000000000000819c                __extendsfdf2
                0x000000000000819c                __aeabi_f2d
                0x00000000000081e0                __aeabi_ul2d
                0x00000000000081e0                __floatundidf
                0x00000000000081f0                __aeabi_l2d
                0x00000000000081f0                __floatdidf
 .text          0x000000000000824c      0x424 /usr/local/Cellar/gcc-arm-none-eabi/20180627/bin/../lib/gcc/arm-none-eabi/7.3.1/thumb/v7e-m/fpv4-sp/hard/libgcc.a(_arm_muldivdf3.o)
                0x000000000000824c                __aeabi_dmul
                0x000000000000824c                __muldf3
                0x00000000000084a0                __aeabi_ddiv
                0x00000000000084a0                __divdf3
 .text          0x0000000000008670      0x110 /usr/local/Cellar/gcc-arm-none-eabi/20180627/bin/../lib/gcc/arm-none-eabi/7.3.1/thumb/v7e-m/fpv4-sp/hard/libgcc.a(_arm_cmpdf2.o)
                0x0000000000008670                __gedf2
                0x0000000000008670                __gtdf2
                0x0000000000008678                __ledf2
                0x0000000000008678                __ltdf2
                0x0000000000008680                __cmpdf2
                0x0000000000008680                __eqdf2
                0x0000000000008680                __nedf2
                0x00000000000086fc                __aeabi_cdrcmple
                0x000000000000870c                __aeabi_cdcmple
                0x000000000000870c                __aeabi_cdcmpeq
                0x000000000000871c                __aeabi_dcmpeq
                0x0000000000008730                __aeabi_dcmplt
                0x0000000000008744                __aeabi_dcmple
                0x0000000000008758                __aeabi_dcmpge
                0x000000000000876c                __aeabi_dcmpgt
 .text          0x0000000000008780       0x2c /usr/local/Cellar/gcc-arm-none-eabi/20180627/bin/../lib/gcc/arm-none-eabi/7.3.1/thumb/v7e-m/fpv4-sp/hard/libgcc.a(_arm_unorddf2.o)
                0x0000000000008780                __aeabi_dcmpun
                0x0000000000008780                __unorddf2
 .text          0x00000000000087ac       0x50 /usr/local/Cellar/gcc-arm-none-eabi/20180627/bin/../lib/gcc/arm-none-eabi/7.3.1/thumb/v7e-m/fpv4-sp/hard/libgcc.a(_arm_fixdfsi.o)
                0x00000000000087ac                __fixdfsi
                0x00000000000087ac                __aeabi_d2iz
 .text          0x00000000000087fc       0x30 /usr/local/Cellar/gcc-arm-none-eabi/20180627/bin/../lib/gcc/arm-none-eabi/7.3.1/thumb/v7e-m/fpv4-sp/hard/libgcc.a(_aeabi_uldivmod.o)
                0x00000000000087fc                __aeabi_uldivmod
 .text          0x000000000000882c      0x2cc /usr/local/Cellar/gcc-arm-none-eabi/20180627/bin/../lib/gcc/arm-none-eabi/7.3.1/thumb/v7e-m/fpv4-sp/hard/libgcc.a(_udivmoddi4.o)
                0x000000000000882c                __udivmoddi4
 .text          0x0000000000008af8        0x4 /usr/local/Cellar/gcc-arm-none-eabi/20180627/bin/../lib/gcc/arm-none-eabi/7.3.1/thumb/v7e-m/fpv4-sp/hard/libgcc.a(_dvmd_tls.o)
                0x0000000000008af8                __aeabi_ldiv0
                0x0000000000008af8                __aeabi_idiv0
 *(.init)
 .init          0x0000000000008afc        0x4 /usr/local/Cellar/gcc-arm-none-eabi/20180627/bin/../lib/gcc/arm-none-eabi/7.3.1/thumb/v7e-m/fpv4-sp/hard/crti.o
                0x0000000000008afc                _init
 .init          0x0000000000008b00        0x8 /usr/local/Cellar/gcc-arm-none-eabi/20180627/bin/../lib/gcc/arm-none-eabi/7.3.1/thumb/v7e-m/fpv4-sp/hard/crtn.o
 *(.fini)
 .fini          0x0000000000008b08        0x4 /usr/local/Cellar/gcc-arm-none-eabi/20180627/bin/../lib/gcc/arm-none-eabi/7.3.1/thumb/v7e-m/fpv4-sp/hard/crti.o
                0x0000000000008b08                _fini
 .fini          0x0000000000008b0c        0x8 /usr/local/Cellar/gcc-arm-none-eabi/20180627/bin/../lib/gcc/arm-none-eabi/7.3.1/thumb/v7e-m/fpv4-sp/hard/crtn.o
 *crtbegin.o(.ctors)
 *crtbegin?.o(.ctors)
 *(EXCLUDE_FILE(*crtend.o *crtend?.o) .ctors)
 *(SORT_BY_NAME(.ctors.*))
 *(.ctors)
 *crtbegin.o(.dtors)
 *crtbegin?.o(.dtors)
 *(EXCLUDE_FILE(*crtend.o *crtend?.o) .dtors)
 *(SORT_BY_NAME(.dtors.*))
 *(.dtors)
 *(.rodata*)
 *fill*         0x0000000000008b14        0xc 
 .rodata.delay_machine_code.8863
                0x0000000000008b20        0x6 _build/main.o
 .rodata.main.str1.1
                0x0000000000008b26       0x3a _build/main.o
 .rodata.app_error_fault_handler.str1.1
                0x0000000000008b60       0x78 _build/better_error_handling.o
 *fill*         0x0000000000008bd8        0x8 
 .rodata.delay_machine_code.8197
                0x0000000000008be0        0x6 _build/better_error_handling.o
 .rodata._DoInit.str1.1
                0x0000000000008be6       0x14 _build/SEGGER_RTT.o
 *fill*         0x0000000000008bfa        0x6 
 .rodata.delay_machine_code.8843
                0x0000000000008c00        0x6 _build/app_timer.o
 .rodata.app_util_critical_region_enter.str1.1
                0x0000000000008c06       0x63 _build/app_util_platform.o
 .rodata.HardFault_c_handler.str1.1
                0x0000000000008c69      0x12e _build/hardfault_implementation.o
 *fill*         0x0000000000008d97        0x1 
 .rodata.cfsr_msgs.9036
                0x0000000000008d98       0x68 _build/hardfault_implementation.o
 .rodata.str1.1
                0x0000000000008e00      0x4c0 _build/hardfault_implementation.o
 .rodata.nrf_balloc_init.str1.1
                0x00000000000092c0       0x5e _build/nrf_balloc.o
 .rodata.str1.1
                0x000000000000931e        0x6 _build/nrf_drv_clock.o
 .rodata.nrf_fprintf_buffer_flush.str1.1
                0x0000000000009324       0x54 _build/nrf_fprintf.o
 .rodata._aV2C.7519
                0x0000000000009378       0x10 _build/nrf_fprintf_format.o
 .rodata.nrf_fprintf_fmt.str1.1
                0x0000000000009388       0x5b _build/nrf_fprintf_format.o
 .rodata.str1.1
                0x00000000000093e3        0xd _build/nrf_fstorage.o
 .rodata.delay_machine_code.9117
                0x00000000000093f0        0x6 _build/nrf_log_backend_rtt.o
 *fill*         0x00000000000093f6        0x2 
 .rodata.nrf_log_backend_rtt_api
                0x00000000000093f8        0xc _build/nrf_log_backend_rtt.o
                0x00000000000093f8                nrf_log_backend_rtt_api
 .rodata.nrf_log_default_backends_init.str1.1
                0x0000000000009404       0x6d _build/nrf_log_default_backends.o
 .rodata.str1.1
                0x0000000000009471       0x10 _build/nrf_log_default_backends.o
 .rodata.buf_prealloc.str1.1
                0x0000000000009481       0x65 _build/nrf_log_frontend.o
 *fill*         0x00000000000094e6        0x2 
 .rodata.m_log_push_ringbuf
                0x00000000000094e8        0xc _build/nrf_log_frontend.o
 .rodata.nrf_log_frontend_dequeue.str1.1
                0x00000000000094f4       0x11 _build/nrf_log_frontend.o
 .rodata.str1.1
                0x0000000000009505        0x4 _build/nrf_log_frontend.o
 *fill*         0x0000000000009509        0x3 
 .rodata.m_colors
                0x000000000000950c       0x24 _build/nrf_log_str_formatter.o
 .rodata.nrf_log_hexdump_entry_process.str1.1
                0x0000000000009530        0xf _build/nrf_log_str_formatter.o
                                         0x11 (size before relaxing)
 .rodata.postfix_process.str1.1
                0x000000000000953f        0x8 _build/nrf_log_str_formatter.o
                                          0xb (size before relaxing)
 .rodata.prefix_process.str1.1
                0x0000000000009547       0x2a _build/nrf_log_str_formatter.o
 *fill*         0x0000000000009571        0x3 
 .rodata.severity_names
                0x0000000000009574       0x14 _build/nrf_log_str_formatter.o
 .rodata.str1.1
                0x0000000000009588       0x4b _build/nrf_log_str_formatter.o
                                         0x51 (size before relaxing)
 .rodata.memobj_op.str1.1
                0x00000000000095d3       0x5e _build/nrf_memobj.o
 *fill*         0x0000000000009631        0x3 
 .rodata.pwr_mgmt_data
                0x0000000000009634        0xc _build/nrf_pwr_mgmt.o
 .rodata.str1.1
                0x0000000000009640        0x9 _build/nrf_pwr_mgmt.o
 .rodata.nrf_section_iter_init.str1.1
                0x0000000000009649       0x77 _build/nrf_section_iter.o
 .rodata.m_unknown_str
                0x00000000000096c0       0x13 _build/nrf_strerror.o
 *fill*         0x00000000000096d3        0x1 
 .rodata.nrf_strerror_array
                0x00000000000096d4      0x118 _build/nrf_strerror.o
 .rodata.str1.1
                0x00000000000097ec      0x391 _build/nrf_strerror.o
 .rodata.str1.1
                0x0000000000009b7d        0x6 _build/nrfx_clock.o
 .rodata.nrf_gpio_pin_port_decode.isra.0.part.1.str1.1
                0x0000000000009b83       0x51 _build/nrfx_gpiote.o
 .rodata.nrfx_gpiote_out_init.str1.1
                0x0000000000009bd4       0x5c _build/nrfx_gpiote.o
 .rodata.str1.1
                0x0000000000009c30        0x7 _build/nrfx_gpiote.o
 .rodata.str1.1
                0x0000000000009c37        0x4 _build/nrfx_ppi.o
 .rodata.UARTE0_UART0_IRQHandler.str1.1
                0x0000000000009c3b       0x5d _build/nrfx_prs.o
 .rodata.str1.1
                0x0000000000009c98        0x4 _build/nrfx_prs.o
 .rodata.str1.1
                0x0000000000009c9c        0x4 _build/nrfx_pwm.o
 .rodata.str1.1
                0x0000000000009ca0        0x6 _build/nrfx_saadc.o
 .rodata.SPIM1_SPIS1_TWIM1_TWIS1_SPI1_TWI1_IRQHandler.str1.1
                0x0000000000009ca6       0x5a _build/nrfx_spim.o
 .rodata.nrf_gpio_pin_port_decode.isra.0.part.1.str1.1
                0x0000000000009d00       0x51 _build/nrfx_spim.o
 .rodata.str1.1
                0x0000000000009d00        0x5 _build/nrfx_spim.o
 .rodata.str1.1
                0x0000000000009d05        0x6 _build/nrfx_timer.o
 .rodata.SPIM0_SPIS0_TWIM0_TWIS0_SPI0_TWI0_IRQHandler.str1.1
                0x0000000000009d0b       0x5a _build/nrfx_twim.o
 .rodata.str1.1
                0x0000000000009d65        0x5 _build/nrfx_twim.o
 .rodata.str1.1
                0x0000000000009d6a        0x5 _build/nrfx_uart.o
 .rodata.str1.1
                0x0000000000009d6f        0x6 _build/nrfx_uarte.o
 *fill*         0x0000000000009d75        0x3 
 .rodata._global_impure_ptr
                0x0000000000009d78        0x4 /usr/local/Cellar/gcc-arm-none-eabi/20180627/bin/../lib/gcc/arm-none-eabi/7.3.1/../../../../arm-none-eabi/lib/thumb/v7e-m/fpv4-sp/hard/libc.a(lib_a-impure.o)
                0x0000000000009d78                _global_impure_ptr
 .rodata._setlocale_r.str1.4
                0x0000000000009d7c        0xa /usr/local/Cellar/gcc-arm-none-eabi/20180627/bin/../lib/gcc/arm-none-eabi/7.3.1/../../../../arm-none-eabi/lib/thumb/v7e-m/fpv4-sp/hard/libc.a(lib_a-locale.o)
                                          0xd (size before relaxing)
 *fill*         0x0000000000009d86        0x2 
 .rodata.str1.4
                0x0000000000009d88        0x2 /usr/local/Cellar/gcc-arm-none-eabi/20180627/bin/../lib/gcc/arm-none-eabi/7.3.1/../../../../arm-none-eabi/lib/thumb/v7e-m/fpv4-sp/hard/libc.a(lib_a-locale.o)
 *fill*         0x0000000000009d8a        0x2 
 .rodata._vfprintf_r.str1.4
                0x0000000000009d8c       0x42 /usr/local/Cellar/gcc-arm-none-eabi/20180627/bin/../lib/gcc/arm-none-eabi/7.3.1/../../../../arm-none-eabi/lib/thumb/v7e-m/fpv4-sp/hard/libc.a(lib_a-vfprintf.o)
 *fill*         0x0000000000009dce        0x2 
 .rodata.blanks.8605
                0x0000000000009dd0       0x10 /usr/local/Cellar/gcc-arm-none-eabi/20180627/bin/../lib/gcc/arm-none-eabi/7.3.1/../../../../arm-none-eabi/lib/thumb/v7e-m/fpv4-sp/hard/libc.a(lib_a-vfprintf.o)
 .rodata.zeroes.8606
                0x0000000000009de0       0x10 /usr/local/Cellar/gcc-arm-none-eabi/20180627/bin/../lib/gcc/arm-none-eabi/7.3.1/../../../../arm-none-eabi/lib/thumb/v7e-m/fpv4-sp/hard/libc.a(lib_a-vfprintf.o)
 .rodata._ctype_
                0x0000000000009df0      0x101 /usr/local/Cellar/gcc-arm-none-eabi/20180627/bin/../lib/gcc/arm-none-eabi/7.3.1/../../../../arm-none-eabi/lib/thumb/v7e-m/fpv4-sp/hard/libc.a(lib_a-ctype_.o)
                0x0000000000009df0                _ctype_
 *fill*         0x0000000000009ef1        0x3 
 .rodata._dtoa_r.str1.4
                0x0000000000009ef4       0x10 /usr/local/Cellar/gcc-arm-none-eabi/20180627/bin/../lib/gcc/arm-none-eabi/7.3.1/../../../../arm-none-eabi/lib/thumb/v7e-m/fpv4-sp/hard/libc.a(lib_a-dtoa.o)
                                         0x12 (size before relaxing)
 *fill*         0x0000000000009f04        0x4 
 .rodata.__mprec_bigtens
                0x0000000000009f08       0x28 /usr/local/Cellar/gcc-arm-none-eabi/20180627/bin/../lib/gcc/arm-none-eabi/7.3.1/../../../../arm-none-eabi/lib/thumb/v7e-m/fpv4-sp/hard/libc.a(lib_a-mprec.o)
                0x0000000000009f08                __mprec_bigtens
 .rodata.__mprec_tens
                0x0000000000009f30       0xc8 /usr/local/Cellar/gcc-arm-none-eabi/20180627/bin/../lib/gcc/arm-none-eabi/7.3.1/../../../../arm-none-eabi/lib/thumb/v7e-m/fpv4-sp/hard/libc.a(lib_a-mprec.o)
                0x0000000000009f30                __mprec_tens
 .rodata.p05.7367
                0x0000000000009ff8        0xc /usr/local/Cellar/gcc-arm-none-eabi/20180627/bin/../lib/gcc/arm-none-eabi/7.3.1/../../../../arm-none-eabi/lib/thumb/v7e-m/fpv4-sp/hard/libc.a(lib_a-mprec.o)
 *(.eh_frame*)
 .eh_frame      0x000000000000a004        0x0 /usr/local/Cellar/gcc-arm-none-eabi/20180627/bin/../lib/gcc/arm-none-eabi/7.3.1/thumb/v7e-m/fpv4-sp/hard/crtbegin.o
 .eh_frame      0x000000000000a004        0x4 /usr/local/Cellar/gcc-arm-none-eabi/20180627/bin/../lib/gcc/arm-none-eabi/7.3.1/thumb/v7e-m/fpv4-sp/hard/crtend.o

.glue_7         0x000000000000a008        0x0
 .glue_7        0x000000000000a008        0x0 linker stubs

.glue_7t        0x000000000000a008        0x0
 .glue_7t       0x000000000000a008        0x0 linker stubs

.vfp11_veneer   0x000000000000a008        0x0
 .vfp11_veneer  0x000000000000a008        0x0 linker stubs

.v4_bx          0x000000000000a008        0x0
 .v4_bx         0x000000000000a008        0x0 linker stubs

.iplt           0x000000000000a008        0x0
 .iplt          0x000000000000a008        0x0 /usr/local/Cellar/gcc-arm-none-eabi/20180627/bin/../lib/gcc/arm-none-eabi/7.3.1/thumb/v7e-m/fpv4-sp/hard/crtbegin.o

.mem_section_dummy_rom

.log_const_data
                0x000000000000a008       0x80
                0x000000000000a008                PROVIDE (__start_log_const_data = .)
 *(SORT_BY_NAME(.log_const_data*))
 .log_const_data_CLOCK
                0x000000000000a008        0x8 _build/nrfx_clock.o
                0x000000000000a008                m_nrf_log_CLOCK_logs_data_const
 .log_const_data_GPIOTE
                0x000000000000a010        0x8 _build/nrfx_gpiote.o
                0x000000000000a010                m_nrf_log_GPIOTE_logs_data_const
 .log_const_data_PPI
                0x000000000000a018        0x8 _build/nrfx_ppi.o
                0x000000000000a018                m_nrf_log_PPI_logs_data_const
 .log_const_data_PRS
                0x000000000000a020        0x8 _build/nrfx_prs.o
                0x000000000000a020                m_nrf_log_PRS_logs_data_const
 .log_const_data_PWM
                0x000000000000a028        0x8 _build/nrfx_pwm.o
                0x000000000000a028                m_nrf_log_PWM_logs_data_const
 .log_const_data_SAADC
                0x000000000000a030        0x8 _build/nrfx_saadc.o
                0x000000000000a030                m_nrf_log_SAADC_logs_data_const
 .log_const_data_SPIM
                0x000000000000a038        0x8 _build/nrfx_spim.o
                0x000000000000a038                m_nrf_log_SPIM_logs_data_const
 .log_const_data_TIMER
                0x000000000000a040        0x8 _build/nrfx_timer.o
                0x000000000000a040                m_nrf_log_TIMER_logs_data_const
 .log_const_data_TWIM
                0x000000000000a048        0x8 _build/nrfx_twim.o
                0x000000000000a048                m_nrf_log_TWIM_logs_data_const
 .log_const_data_UART
                0x000000000000a050        0x8 _build/nrfx_uart.o
                0x000000000000a050                m_nrf_log_UART_logs_data_const
 .log_const_data_UARTE
                0x000000000000a058        0x8 _build/nrfx_uarte.o
                0x000000000000a058                m_nrf_log_UARTE_logs_data_const
 .log_const_data_app
                0x000000000000a060        0x8 _build/nrf_log_frontend.o
                0x000000000000a060                m_nrf_log_app_logs_data_const
 .log_const_data_clock
                0x000000000000a068        0x8 _build/nrf_drv_clock.o
                0x000000000000a068                m_nrf_log_clock_logs_data_const
 .log_const_data_hardfault
                0x000000000000a070        0x8 _build/hardfault_implementation.o
                0x000000000000a070                m_nrf_log_hardfault_logs_data_const
 .log_const_data_nrf_fstorage
                0x000000000000a078        0x8 _build/nrf_fstorage.o
                0x000000000000a078                m_nrf_log_nrf_fstorage_logs_data_const
 .log_const_data_pwr_mgmt
                0x000000000000a080        0x8 _build/nrf_pwr_mgmt.o
                0x000000000000a080                m_nrf_log_pwr_mgmt_logs_data_const
                0x000000000000a088                PROVIDE (__stop_log_const_data = .)

.nrf_balloc     0x000000000000a088       0x14
                [!provide]                        PROVIDE (__start_nrf_balloc = .)
 *(.nrf_balloc)
 .nrf_balloc    0x000000000000a088       0x14 _build/nrf_log_frontend.o
                0x000000000000a088                log_mempool
                [!provide]                        PROVIDE (__stop_nrf_balloc = .)

.nrf_queue      0x000000000000a09c       0x28
                [!provide]                        PROVIDE (__start_nrf_queue = .)
 *(.nrf_queue)
 .nrf_queue     0x000000000000a09c       0x28 _build/kobukiUtilities.o
                0x000000000000a09c                serial_queues_txq
                0x000000000000a0b0                serial_queues_rxq
                [!provide]                        PROVIDE (__stop_nrf_queue = .)

.log_backends   0x000000000000a0c4       0x10
 .log_backends  0x000000000000a0c4       0x10 _build/nrf_log_default_backends.o

.pwr_mgmt_data  0x000000000000a0d4        0x0
                0x000000000000a0d4                PROVIDE (__start_pwr_mgmt_data = .)
 *(SORT_BY_NAME(.pwr_mgmt_data*))
                0x000000000000a0d4                PROVIDE (__stop_pwr_mgmt_data = .)

.crypto_data    0x000000000000a0d4        0x0
                [!provide]                        PROVIDE (__start_crypto_data = .)
 *(SORT_BY_NAME(.crypto_data*))
                [!provide]                        PROVIDE (__stop_crypto_data = .)

.cli_command    0x000000000000a0d4        0x0
                [!provide]                        PROVIDE (__start_cli_command = .)
 *(.cli_command)
                [!provide]                        PROVIDE (__stop_cli_command = .)

.ARM.extab
 *(.ARM.extab* .gnu.linkonce.armextab.*)
                0x000000000000a0d4                __exidx_start = .

.ARM.exidx      0x000000000000a0d4        0x8
 *(.ARM.exidx* .gnu.linkonce.armexidx.*)
 .ARM.exidx     0x000000000000a0d4        0x8 /usr/local/Cellar/gcc-arm-none-eabi/20180627/bin/../lib/gcc/arm-none-eabi/7.3.1/../../../../arm-none-eabi/lib/thumb/v7e-m/fpv4-sp/hard/crt0.o
 .ARM.exidx     0x000000000000a0dc        0x0 /usr/local/Cellar/gcc-arm-none-eabi/20180627/bin/../lib/gcc/arm-none-eabi/7.3.1/thumb/v7e-m/fpv4-sp/hard/libgcc.a(_udivmoddi4.o)
                                          0x8 (size before relaxing)
                0x000000000000a0dc                __exidx_end = .
                0x000000000000a0dc                __etext = .

.rel.dyn        0x000000000000a0dc        0x0
 .rel.iplt      0x000000000000a0dc        0x0 /usr/local/Cellar/gcc-arm-none-eabi/20180627/bin/../lib/gcc/arm-none-eabi/7.3.1/thumb/v7e-m/fpv4-sp/hard/crtbegin.o

.data           0x0000000020000000      0x9c8 load address 0x000000000000a0dc
                0x0000000020000000                __data_start__ = .
 *(vtable)
 *(.data*)
 .data.log_backend_cb_rtt_log_backend
                0x0000000020000000        0x8 _build/nrf_log_default_backends.o
 .data.SystemCoreClock
                0x0000000020000008        0x4 _build/system_nrf52.o
                0x0000000020000008                SystemCoreClock
 .data._impure_ptr
                0x000000002000000c        0x4 /usr/local/Cellar/gcc-arm-none-eabi/20180627/bin/../lib/gcc/arm-none-eabi/7.3.1/../../../../arm-none-eabi/lib/thumb/v7e-m/fpv4-sp/hard/libc.a(lib_a-impure.o)
                0x000000002000000c                _impure_ptr
 .data.impure_data
                0x0000000020000010      0x428 /usr/local/Cellar/gcc-arm-none-eabi/20180627/bin/../lib/gcc/arm-none-eabi/7.3.1/../../../../arm-none-eabi/lib/thumb/v7e-m/fpv4-sp/hard/libc.a(lib_a-impure.o)
 .data.__global_locale
                0x0000000020000438      0x16c /usr/local/Cellar/gcc-arm-none-eabi/20180627/bin/../lib/gcc/arm-none-eabi/7.3.1/../../../../arm-none-eabi/lib/thumb/v7e-m/fpv4-sp/hard/libc.a(lib_a-locale.o)
                0x0000000020000438                __global_locale
 .data.__atexit_recursive_mutex
                0x00000000200005a4        0x4 /usr/local/Cellar/gcc-arm-none-eabi/20180627/bin/../lib/gcc/arm-none-eabi/7.3.1/../../../../arm-none-eabi/lib/thumb/v7e-m/fpv4-sp/hard/libc.a(lib_a-__call_atexit.o)
                0x00000000200005a4                __atexit_recursive_mutex
 .data.__malloc_av_
                0x00000000200005a8      0x408 /usr/local/Cellar/gcc-arm-none-eabi/20180627/bin/../lib/gcc/arm-none-eabi/7.3.1/../../../../arm-none-eabi/lib/thumb/v7e-m/fpv4-sp/hard/libc.a(lib_a-mallocr.o)
                0x00000000200005a8                __malloc_av_
 .data.__malloc_sbrk_base
                0x00000000200009b0        0x4 /usr/local/Cellar/gcc-arm-none-eabi/20180627/bin/../lib/gcc/arm-none-eabi/7.3.1/../../../../arm-none-eabi/lib/thumb/v7e-m/fpv4-sp/hard/libc.a(lib_a-mallocr.o)
                0x00000000200009b0                __malloc_sbrk_base
 .data.__malloc_trim_threshold
                0x00000000200009b4        0x4 /usr/local/Cellar/gcc-arm-none-eabi/20180627/bin/../lib/gcc/arm-none-eabi/7.3.1/../../../../arm-none-eabi/lib/thumb/v7e-m/fpv4-sp/hard/libc.a(lib_a-mallocr.o)
                0x00000000200009b4                __malloc_trim_threshold
                0x00000000200009b8                . = ALIGN (0x4)
                0x00000000200009b8                PROVIDE (__preinit_array_start = .)
 *(.preinit_array)
                0x00000000200009b8                PROVIDE (__preinit_array_end = .)
                0x00000000200009b8                . = ALIGN (0x4)
                0x00000000200009b8                PROVIDE (__init_array_start = .)
 *(SORT_BY_NAME(.init_array.*))
 .init_array.00000
                0x00000000200009b8        0x4 /usr/local/Cellar/gcc-arm-none-eabi/20180627/bin/../lib/gcc/arm-none-eabi/7.3.1/../../../../arm-none-eabi/lib/thumb/v7e-m/fpv4-sp/hard/libc.a(lib_a-__call_atexit.o)
 *(.init_array)
 .init_array    0x00000000200009bc        0x4 /usr/local/Cellar/gcc-arm-none-eabi/20180627/bin/../lib/gcc/arm-none-eabi/7.3.1/thumb/v7e-m/fpv4-sp/hard/crtbegin.o
 .init_array    0x00000000200009c0        0x4 _build/before_startup.o
                0x00000000200009c4                PROVIDE (__init_array_end = .)
                0x00000000200009c4                . = ALIGN (0x4)
                0x00000000200009c4                PROVIDE (__fini_array_start = .)
 *(SORT_BY_NAME(.fini_array.*))
 *(.fini_array)
 .fini_array    0x00000000200009c4        0x4 /usr/local/Cellar/gcc-arm-none-eabi/20180627/bin/../lib/gcc/arm-none-eabi/7.3.1/thumb/v7e-m/fpv4-sp/hard/crtbegin.o
                0x00000000200009c8                PROVIDE (__fini_array_end = .)
 *(.jcr*)
                0x00000000200009c8                . = ALIGN (0x4)
                0x00000000200009c8                __data_end__ = .
LOAD /usr/local/Cellar/gcc-arm-none-eabi/20180627/bin/../lib/gcc/arm-none-eabi/7.3.1/thumb/v7e-m/fpv4-sp/hard/crti.o
LOAD /usr/local/Cellar/gcc-arm-none-eabi/20180627/bin/../lib/gcc/arm-none-eabi/7.3.1/thumb/v7e-m/fpv4-sp/hard/crtbegin.o
LOAD /usr/local/Cellar/gcc-arm-none-eabi/20180627/bin/../lib/gcc/arm-none-eabi/7.3.1/../../../../arm-none-eabi/lib/thumb/v7e-m/fpv4-sp/hard/crt0.o
START GROUP
LOAD _build/main.o
LOAD _build/better_error_handling.o
LOAD _build/kobukiActuator.o
LOAD _build/kobukiSensor.o
LOAD _build/kobukiSensorPoll.o
LOAD _build/kobukiUART.o
LOAD _build/kobukiUtilities.o
LOAD _build/max44009.o
LOAD _build/mpu9250.o
LOAD _build/display.o
LOAD _build/SEGGER_RTT.o
LOAD _build/SEGGER_RTT_Syscalls_GCC.o
LOAD _build/SEGGER_RTT_printf.o
LOAD _build/app_error.o
LOAD _build/app_error_handler_gcc.o
LOAD _build/app_pwm.o
LOAD _build/app_scheduler.o
LOAD _build/app_timer.o
LOAD _build/app_uart.o
LOAD _build/app_util_platform.o
LOAD _build/before_startup.o
LOAD _build/ff.o
LOAD _build/hardfault_handler_gcc.o
LOAD _build/hardfault_implementation.o
LOAD _build/mmc_nrf.o
LOAD _build/nrf_assert.o
LOAD _build/nrf_atomic.o
LOAD _build/nrf_balloc.o
LOAD _build/nrf_drv_clock.o
LOAD _build/nrf_drv_ppi.o
LOAD _build/nrf_drv_spi.o
LOAD _build/nrf_drv_twi.o
LOAD _build/nrf_drv_uart.o
LOAD _build/nrf_fprintf.o
LOAD _build/nrf_fprintf_format.o
LOAD _build/nrf_fstorage.o
LOAD _build/nrf_log_backend_rtt.o
LOAD _build/nrf_log_backend_serial.o
LOAD _build/nrf_log_backend_uart.o
LOAD _build/nrf_log_default_backends.o
LOAD _build/nrf_log_frontend.o
LOAD _build/nrf_log_str_formatter.o
LOAD _build/nrf_memobj.o
LOAD _build/nrf_pwr_mgmt.o
LOAD _build/nrf_ringbuf.o
LOAD _build/nrf_queue.o
LOAD _build/nrf_section_iter.o
LOAD _build/nrf_serial.o
LOAD _build/nrf_strerror.o
LOAD _build/nrf_twi_mngr.o
LOAD _build/nrfx_clock.o
LOAD _build/nrfx_gpiote.o
LOAD _build/nrfx_ppi.o
LOAD _build/nrfx_prs.o
LOAD _build/nrfx_pwm.o
LOAD _build/nrfx_saadc.o
LOAD _build/nrfx_spi.o
LOAD _build/nrfx_spim.o
LOAD _build/nrfx_timer.o
LOAD _build/nrfx_twi.o
LOAD _build/nrfx_twim.o
LOAD _build/nrfx_uart.o
LOAD _build/nrfx_uarte.o
LOAD _build/simple_logger.o
LOAD _build/system_nrf52.o
LOAD _build/app_error_weak.o
LOAD _build/gcc_startup_nrf52.os
LOAD /usr/local/Cellar/gcc-arm-none-eabi/20180627/bin/../lib/gcc/arm-none-eabi/7.3.1/../../../../arm-none-eabi/lib/thumb/v7e-m/fpv4-sp/hard/libc.a
LOAD /usr/local/Cellar/gcc-arm-none-eabi/20180627/bin/../lib/gcc/arm-none-eabi/7.3.1/../../../../arm-none-eabi/lib/thumb/v7e-m/fpv4-sp/hard/libnosys.a
LOAD /usr/local/Cellar/gcc-arm-none-eabi/20180627/bin/../lib/gcc/arm-none-eabi/7.3.1/../../../../arm-none-eabi/lib/thumb/v7e-m/fpv4-sp/hard/libm.a
LOAD /usr/local/Cellar/gcc-arm-none-eabi/20180627/bin/../lib/gcc/arm-none-eabi/7.3.1/../../../../arm-none-eabi/lib/thumb/v7e-m/fpv4-sp/hard/libstdc++.a
END GROUP
START GROUP
LOAD /usr/local/Cellar/gcc-arm-none-eabi/20180627/bin/../lib/gcc/arm-none-eabi/7.3.1/thumb/v7e-m/fpv4-sp/hard/libgcc.a
LOAD /usr/local/Cellar/gcc-arm-none-eabi/20180627/bin/../lib/gcc/arm-none-eabi/7.3.1/../../../../arm-none-eabi/lib/thumb/v7e-m/fpv4-sp/hard/libc.a
END GROUP
LOAD /usr/local/Cellar/gcc-arm-none-eabi/20180627/bin/../lib/gcc/arm-none-eabi/7.3.1/thumb/v7e-m/fpv4-sp/hard/crtend.o
LOAD /usr/local/Cellar/gcc-arm-none-eabi/20180627/bin/../lib/gcc/arm-none-eabi/7.3.1/thumb/v7e-m/fpv4-sp/hard/crtn.o
START GROUP
LOAD /usr/local/Cellar/gcc-arm-none-eabi/20180627/bin/../lib/gcc/arm-none-eabi/7.3.1/thumb/v7e-m/fpv4-sp/hard/libgcc.a
LOAD /usr/local/Cellar/gcc-arm-none-eabi/20180627/bin/../lib/gcc/arm-none-eabi/7.3.1/../../../../arm-none-eabi/lib/thumb/v7e-m/fpv4-sp/hard/libc.a
LOAD /usr/local/Cellar/gcc-arm-none-eabi/20180627/bin/../lib/gcc/arm-none-eabi/7.3.1/../../../../arm-none-eabi/lib/thumb/v7e-m/fpv4-sp/hard/libnosys.a
END GROUP

.igot.plt       0x00000000200009c8        0x0 load address 0x000000000000aaa4
 .igot.plt      0x00000000200009c8        0x0 /usr/local/Cellar/gcc-arm-none-eabi/20180627/bin/../lib/gcc/arm-none-eabi/7.3.1/thumb/v7e-m/fpv4-sp/hard/crtbegin.o
                0x00000000200009c8                . = ALIGN (0x4)

.mem_section_dummy_ram

.log_dynamic_data
                0x00000000200009c8        0x0
                0x00000000200009c8                PROVIDE (__start_log_dynamic_data = .)
 *(SORT_BY_NAME(.log_dynamic_data*))
                [!provide]                        PROVIDE (__stop_log_dynamic_data = .)

.fs_data        0x00000000200009c8        0x0
                0x00000000200009c8                PROVIDE (__start_fs_data = .)
 *(.fs_data)
                0x00000000200009c8                PROVIDE (__stop_fs_data = .)

.cli_sorted_cmd_ptrs
                0x00000000200009c8        0x0
                [!provide]                        PROVIDE (__start_cli_sorted_cmd_ptrs = .)
 *(.cli_sorted_cmd_ptrs)
                [!provide]                        PROVIDE (__stop_cli_sorted_cmd_ptrs = .)

.bss            0x00000000200009c8      0xd50 load address 0x000000000000aaa4
                0x00000000200009c8                . = ALIGN (0x4)
                0x00000000200009c8                __bss_start__ = .
 *(.bss*)
 .bss           0x00000000200009c8       0x1c /usr/local/Cellar/gcc-arm-none-eabi/20180627/bin/../lib/gcc/arm-none-eabi/7.3.1/thumb/v7e-m/fpv4-sp/hard/crtbegin.o
 .bss.serial_queues_rxq_nrf_queue_buffer
                0x00000000200009e4      0x101 _build/kobukiUtilities.o
 *fill*         0x0000000020000ae5        0x3 
 .bss.serial_queues_rxq_nrf_queue_cb
                0x0000000020000ae8        0xc _build/kobukiUtilities.o
 .bss.serial_queues_txq_nrf_queue_buffer
                0x0000000020000af4      0x101 _build/kobukiUtilities.o
 *fill*         0x0000000020000bf5        0x3 
 .bss.serial_queues_txq_nrf_queue_cb
                0x0000000020000bf8        0xc _build/kobukiUtilities.o
 .bss._acDownBuffer
                0x0000000020000c04       0x10 _build/SEGGER_RTT.o
 .bss._acUpBuffer
                0x0000000020000c14      0x200 _build/SEGGER_RTT.o
 .bss.m_op_queue
                0x0000000020000e14      0x10c _build/app_timer.o
 .bss.m_rtc1_reset
                0x0000000020000f20        0x1 _build/app_timer.o
 .bss.m_rtc1_running
                0x0000000020000f21        0x1 _build/app_timer.o
 *fill*         0x0000000020000f22        0x2 
 .bss.m_ticks_elapsed
                0x0000000020000f24        0x8 _build/app_timer.o
 .bss.m_ticks_elapsed_q_read_ind
                0x0000000020000f2c        0x1 _build/app_timer.o
 .bss.m_ticks_elapsed_q_write_ind
                0x0000000020000f2d        0x1 _build/app_timer.o
 *fill*         0x0000000020000f2e        0x2 
 .bss.m_ticks_latest
                0x0000000020000f30        0x4 _build/app_timer.o
 .bss.mp_timer_id_head
                0x0000000020000f34        0x4 _build/app_timer.o
 .bss.m_in_critical_region
                0x0000000020000f38        0x4 _build/app_util_platform.o
 .bss.m_host_present
                0x0000000020000f3c        0x1 _build/nrf_log_backend_rtt.o
 .bss.m_string_buff
                0x0000000020000f3d       0x40 _build/nrf_log_backend_rtt.o
 *fill*         0x0000000020000f7d        0x3 
 .bss.log_mempool_nrf_balloc_cb
                0x0000000020000f80        0x8 _build/nrf_log_frontend.o
 .bss.log_mempool_nrf_balloc_pool_mem
                0x0000000020000f88       0xc0 _build/nrf_log_frontend.o
 .bss.log_mempool_nrf_balloc_pool_stack
                0x0000000020001048        0x8 _build/nrf_log_frontend.o
 .bss.m_log_data
                0x0000000020001050      0x424 _build/nrf_log_frontend.o
 .bss.m_log_push_ringbuf_buf
                0x0000000020001474       0x80 _build/nrf_log_frontend.o
 .bss.m_log_push_ringbuf_cb
                0x00000000200014f4       0x18 _build/nrf_log_frontend.o
 .bss.m_handlers_iter
                0x000000002000150c        0x8 _build/nrf_pwr_mgmt.o
 .bss.m_shutdown_started
                0x0000000020001514        0x1 _build/nrf_pwr_mgmt.o
 *fill*         0x0000000020001515        0x3 
 .bss.m_sysoff_mtx
                0x0000000020001518        0x4 _build/nrf_pwr_mgmt.o
 .bss.m_clock_cb
                0x000000002000151c        0x8 _build/nrfx_clock.o
 .bss.m_cb      0x0000000020001524       0x5c _build/nrfx_gpiote.o
 .bss.m_prs_box_4
                0x0000000020001580        0x8 _build/nrfx_prs.o
 .bss.m_cb      0x0000000020001588       0x18 _build/nrfx_pwm.o
 .bss.m_cb      0x00000000200015a0       0x30 _build/nrfx_saadc.o
 .bss.m_cb      0x00000000200015d0       0x24 _build/nrfx_spim.o
 .bss.m_cb      0x00000000200015f4       0x18 _build/nrfx_timer.o
 .bss.m_cb      0x000000002000160c       0x34 _build/nrfx_twim.o
 .bss.__malloc_current_mallinfo
                0x0000000020001640       0x28 /usr/local/Cellar/gcc-arm-none-eabi/20180627/bin/../lib/gcc/arm-none-eabi/7.3.1/../../../../arm-none-eabi/lib/thumb/v7e-m/fpv4-sp/hard/libc.a(lib_a-mallocr.o)
                0x0000000020001640                __malloc_current_mallinfo
 .bss.__malloc_max_sbrked_mem
                0x0000000020001668        0x4 /usr/local/Cellar/gcc-arm-none-eabi/20180627/bin/../lib/gcc/arm-none-eabi/7.3.1/../../../../arm-none-eabi/lib/thumb/v7e-m/fpv4-sp/hard/libc.a(lib_a-mallocr.o)
                0x0000000020001668                __malloc_max_sbrked_mem
 .bss.__malloc_max_total_mem
                0x000000002000166c        0x4 /usr/local/Cellar/gcc-arm-none-eabi/20180627/bin/../lib/gcc/arm-none-eabi/7.3.1/../../../../arm-none-eabi/lib/thumb/v7e-m/fpv4-sp/hard/libc.a(lib_a-mallocr.o)
                0x000000002000166c                __malloc_max_total_mem
 .bss.__malloc_top_pad
                0x0000000020001670        0x4 /usr/local/Cellar/gcc-arm-none-eabi/20180627/bin/../lib/gcc/arm-none-eabi/7.3.1/../../../../arm-none-eabi/lib/thumb/v7e-m/fpv4-sp/hard/libc.a(lib_a-mallocr.o)
                0x0000000020001670                __malloc_top_pad
 .bss.heap_end.5377
                0x0000000020001674        0x4 /usr/local/Cellar/gcc-arm-none-eabi/20180627/bin/../lib/gcc/arm-none-eabi/7.3.1/../../../../arm-none-eabi/lib/thumb/v7e-m/fpv4-sp/hard/libnosys.a(sbrk.o)
 *(COMMON)
 COMMON         0x0000000020001678       0x78 _build/SEGGER_RTT.o
                0x0000000020001678                _SEGGER_RTT
 COMMON         0x00000000200016f0       0x21 /usr/local/Cellar/gcc-arm-none-eabi/20180627/bin/../lib/gcc/arm-none-eabi/7.3.1/../../../../arm-none-eabi/lib/thumb/v7e-m/fpv4-sp/hard/libc.a(lib_a-lock.o)
                0x00000000200016f0                __lock___atexit_recursive_mutex
                0x00000000200016f4                __lock___arc4random_mutex
                0x00000000200016f8                __lock___env_recursive_mutex
                0x00000000200016fc                __lock___sinit_recursive_mutex
                0x0000000020001700                __lock___malloc_recursive_mutex
                0x0000000020001704                __lock___at_quick_exit_mutex
                0x0000000020001708                __lock___dd_hash_mutex
                0x000000002000170c                __lock___tz_mutex
                0x0000000020001710                __lock___sfp_recursive_mutex
 *fill*         0x0000000020001711        0x3 
 COMMON         0x0000000020001714        0x4 /usr/local/Cellar/gcc-arm-none-eabi/20180627/bin/../lib/gcc/arm-none-eabi/7.3.1/../../../../arm-none-eabi/lib/thumb/v7e-m/fpv4-sp/hard/libc.a(lib_a-reent.o)
                0x0000000020001714                errno
                0x0000000020001718                . = ALIGN (0x4)
                0x0000000020001718                __bss_end__ = .

.heap           0x0000000020001718     0x2000
                0x0000000020001718                __HeapBase = .
                0x0000000020001718                __end__ = .
                0x0000000020001718                PROVIDE (end = .)
 *(.heap*)
 .heap          0x0000000020001718     0x2000 _build/gcc_startup_nrf52.os
                0x0000000020003718                __HeapLimit = .

.stack_dummy    0x0000000020001718     0x2000
 *(.stack*)
 .stack         0x0000000020001718     0x2000 _build/gcc_startup_nrf52.os
                0x0000000020010000                __StackTop = (ORIGIN (RAM) + LENGTH (RAM))
                0x000000002000e000                __StackLimit = (__StackTop - SIZEOF (.stack_dummy))
                0x0000000020010000                PROVIDE (__stack = __StackTop)
                0x0000000000000001                ASSERT ((__StackLimit >= __HeapLimit), region RAM overflowed with stack)
                0x00000000000009c8                DataInitFlashUsed = (__bss_start__ - __data_start__)
                0x000000000000a0dc                CodeFlashUsed = (__etext - ORIGIN (FLASH))
                0x000000000000aaa4                TotalFlashUsed = (CodeFlashUsed + DataInitFlashUsed)
                0x0000000000000001                ASSERT ((TotalFlashUsed <= LENGTH (FLASH)), region FLASH overflowed with .data and user data)
OUTPUT(_build/proj_sdk15_blank.elf elf32-littlearm)

.ARM.attributes
                0x0000000000000000       0x30
 .ARM.attributes
                0x0000000000000000       0x22 /usr/local/Cellar/gcc-arm-none-eabi/20180627/bin/../lib/gcc/arm-none-eabi/7.3.1/thumb/v7e-m/fpv4-sp/hard/crti.o
 .ARM.attributes
                0x0000000000000022       0x34 /usr/local/Cellar/gcc-arm-none-eabi/20180627/bin/../lib/gcc/arm-none-eabi/7.3.1/thumb/v7e-m/fpv4-sp/hard/crtbegin.o
 .ARM.attributes
                0x0000000000000056       0x20 /usr/local/Cellar/gcc-arm-none-eabi/20180627/bin/../lib/gcc/arm-none-eabi/7.3.1/../../../../arm-none-eabi/lib/thumb/v7e-m/fpv4-sp/hard/crt0.o
 .ARM.attributes
                0x0000000000000076       0x39 _build/main.o
 .ARM.attributes
                0x00000000000000af       0x39 _build/better_error_handling.o
 .ARM.attributes
                0x00000000000000e8       0x39 _build/kobukiUtilities.o
 .ARM.attributes
                0x0000000000000121       0x39 _build/SEGGER_RTT.o
 .ARM.attributes
                0x000000000000015a       0x39 _build/SEGGER_RTT_Syscalls_GCC.o
 .ARM.attributes
                0x0000000000000193       0x39 _build/app_error_handler_gcc.o
 .ARM.attributes
                0x00000000000001cc       0x39 _build/app_timer.o
 .ARM.attributes
                0x0000000000000205       0x39 _build/app_util_platform.o
 .ARM.attributes
                0x000000000000023e       0x39 _build/before_startup.o
 .ARM.attributes
                0x0000000000000277       0x39 _build/hardfault_handler_gcc.o
 .ARM.attributes
                0x00000000000002b0       0x39 _build/hardfault_implementation.o
 .ARM.attributes
                0x00000000000002e9       0x39 _build/nrf_assert.o
 .ARM.attributes
                0x0000000000000322       0x39 _build/nrf_atomic.o
 .ARM.attributes
                0x000000000000035b       0x39 _build/nrf_balloc.o
 .ARM.attributes
                0x0000000000000394       0x39 _build/nrf_drv_clock.o
 .ARM.attributes
                0x00000000000003cd       0x39 _build/nrf_fprintf.o
 .ARM.attributes
                0x0000000000000406       0x39 _build/nrf_fprintf_format.o
 .ARM.attributes
                0x000000000000043f       0x39 _build/nrf_fstorage.o
 .ARM.attributes
                0x0000000000000478       0x39 _build/nrf_log_backend_rtt.o
 .ARM.attributes
                0x00000000000004b1       0x39 _build/nrf_log_backend_serial.o
 .ARM.attributes
                0x00000000000004ea       0x39 _build/nrf_log_default_backends.o
 .ARM.attributes
                0x0000000000000523       0x39 _build/nrf_log_frontend.o
 .ARM.attributes
                0x000000000000055c       0x39 _build/nrf_log_str_formatter.o
 .ARM.attributes
                0x0000000000000595       0x39 _build/nrf_memobj.o
 .ARM.attributes
                0x00000000000005ce       0x39 _build/nrf_pwr_mgmt.o
 .ARM.attributes
                0x0000000000000607       0x39 _build/nrf_ringbuf.o
 .ARM.attributes
                0x0000000000000640       0x39 _build/nrf_section_iter.o
 .ARM.attributes
                0x0000000000000679       0x39 _build/nrf_strerror.o
 .ARM.attributes
                0x00000000000006b2       0x39 _build/nrfx_clock.o
 .ARM.attributes
                0x00000000000006eb       0x39 _build/nrfx_gpiote.o
 .ARM.attributes
                0x0000000000000724       0x39 _build/nrfx_ppi.o
 .ARM.attributes
                0x000000000000075d       0x39 _build/nrfx_prs.o
 .ARM.attributes
                0x0000000000000796       0x39 _build/nrfx_pwm.o
 .ARM.attributes
                0x00000000000007cf       0x39 _build/nrfx_saadc.o
 .ARM.attributes
                0x0000000000000808       0x39 _build/nrfx_spim.o
 .ARM.attributes
                0x0000000000000841       0x39 _build/nrfx_timer.o
 .ARM.attributes
                0x000000000000087a       0x39 _build/nrfx_twim.o
 .ARM.attributes
                0x00000000000008b3       0x39 _build/nrfx_uart.o
 .ARM.attributes
                0x00000000000008ec       0x39 _build/nrfx_uarte.o
 .ARM.attributes
                0x0000000000000925       0x39 _build/system_nrf52.o
 .ARM.attributes
                0x000000000000095e       0x1c _build/gcc_startup_nrf52.os
 .ARM.attributes
                0x000000000000097a       0x34 /usr/local/Cellar/gcc-arm-none-eabi/20180627/bin/../lib/gcc/arm-none-eabi/7.3.1/../../../../arm-none-eabi/lib/thumb/v7e-m/fpv4-sp/hard/libc.a(lib_a-exit.o)
 .ARM.attributes
                0x00000000000009ae       0x34 /usr/local/Cellar/gcc-arm-none-eabi/20180627/bin/../lib/gcc/arm-none-eabi/7.3.1/../../../../arm-none-eabi/lib/thumb/v7e-m/fpv4-sp/hard/libc.a(lib_a-impure.o)
 .ARM.attributes
                0x00000000000009e2       0x34 /usr/local/Cellar/gcc-arm-none-eabi/20180627/bin/../lib/gcc/arm-none-eabi/7.3.1/../../../../arm-none-eabi/lib/thumb/v7e-m/fpv4-sp/hard/libc.a(lib_a-init.o)
 .ARM.attributes
                0x0000000000000a16       0x34 /usr/local/Cellar/gcc-arm-none-eabi/20180627/bin/../lib/gcc/arm-none-eabi/7.3.1/../../../../arm-none-eabi/lib/thumb/v7e-m/fpv4-sp/hard/libc.a(lib_a-locale.o)
 .ARM.attributes
                0x0000000000000a4a       0x34 /usr/local/Cellar/gcc-arm-none-eabi/20180627/bin/../lib/gcc/arm-none-eabi/7.3.1/../../../../arm-none-eabi/lib/thumb/v7e-m/fpv4-sp/hard/libc.a(lib_a-mbtowc_r.o)
 .ARM.attributes
                0x0000000000000a7e       0x20 /usr/local/Cellar/gcc-arm-none-eabi/20180627/bin/../lib/gcc/arm-none-eabi/7.3.1/../../../../arm-none-eabi/lib/thumb/v7e-m/fpv4-sp/hard/libc.a(lib_a-memcpy.o)
 .ARM.attributes
                0x0000000000000a9e       0x34 /usr/local/Cellar/gcc-arm-none-eabi/20180627/bin/../lib/gcc/arm-none-eabi/7.3.1/../../../../arm-none-eabi/lib/thumb/v7e-m/fpv4-sp/hard/libc.a(lib_a-memset.o)
 .ARM.attributes
                0x0000000000000ad2       0x34 /usr/local/Cellar/gcc-arm-none-eabi/20180627/bin/../lib/gcc/arm-none-eabi/7.3.1/../../../../arm-none-eabi/lib/thumb/v7e-m/fpv4-sp/hard/libc.a(lib_a-printf.o)
 .ARM.attributes
                0x0000000000000b06       0x34 /usr/local/Cellar/gcc-arm-none-eabi/20180627/bin/../lib/gcc/arm-none-eabi/7.3.1/../../../../arm-none-eabi/lib/thumb/v7e-m/fpv4-sp/hard/libc.a(lib_a-setbuf.o)
 .ARM.attributes
                0x0000000000000b3a       0x34 /usr/local/Cellar/gcc-arm-none-eabi/20180627/bin/../lib/gcc/arm-none-eabi/7.3.1/../../../../arm-none-eabi/lib/thumb/v7e-m/fpv4-sp/hard/libc.a(lib_a-setvbuf.o)
 .ARM.attributes
                0x0000000000000b6e       0x34 /usr/local/Cellar/gcc-arm-none-eabi/20180627/bin/../lib/gcc/arm-none-eabi/7.3.1/../../../../arm-none-eabi/lib/thumb/v7e-m/fpv4-sp/hard/libc.a(lib_a-strcpy.o)
 .ARM.attributes
                0x0000000000000ba2       0x20 /usr/local/Cellar/gcc-arm-none-eabi/20180627/bin/../lib/gcc/arm-none-eabi/7.3.1/../../../../arm-none-eabi/lib/thumb/v7e-m/fpv4-sp/hard/libc.a(lib_a-strlen.o)
 .ARM.attributes
                0x0000000000000bc2       0x34 /usr/local/Cellar/gcc-arm-none-eabi/20180627/bin/../lib/gcc/arm-none-eabi/7.3.1/../../../../arm-none-eabi/lib/thumb/v7e-m/fpv4-sp/hard/libc.a(lib_a-vfprintf.o)
 .ARM.attributes
                0x0000000000000bf6       0x34 /usr/local/Cellar/gcc-arm-none-eabi/20180627/bin/../lib/gcc/arm-none-eabi/7.3.1/../../../../arm-none-eabi/lib/thumb/v7e-m/fpv4-sp/hard/libc.a(lib_a-wctomb_r.o)
 .ARM.attributes
                0x0000000000000c2a       0x34 /usr/local/Cellar/gcc-arm-none-eabi/20180627/bin/../lib/gcc/arm-none-eabi/7.3.1/../../../../arm-none-eabi/lib/thumb/v7e-m/fpv4-sp/hard/libc.a(lib_a-wsetup.o)
 .ARM.attributes
                0x0000000000000c5e       0x34 /usr/local/Cellar/gcc-arm-none-eabi/20180627/bin/../lib/gcc/arm-none-eabi/7.3.1/../../../../arm-none-eabi/lib/thumb/v7e-m/fpv4-sp/hard/libc.a(lib_a-__call_atexit.o)
 .ARM.attributes
                0x0000000000000c92       0x34 /usr/local/Cellar/gcc-arm-none-eabi/20180627/bin/../lib/gcc/arm-none-eabi/7.3.1/../../../../arm-none-eabi/lib/thumb/v7e-m/fpv4-sp/hard/libc.a(lib_a-atexit.o)
 .ARM.attributes
                0x0000000000000cc6       0x34 /usr/local/Cellar/gcc-arm-none-eabi/20180627/bin/../lib/gcc/arm-none-eabi/7.3.1/../../../../arm-none-eabi/lib/thumb/v7e-m/fpv4-sp/hard/libc.a(lib_a-ctype_.o)
 .ARM.attributes
                0x0000000000000cfa       0x34 /usr/local/Cellar/gcc-arm-none-eabi/20180627/bin/../lib/gcc/arm-none-eabi/7.3.1/../../../../arm-none-eabi/lib/thumb/v7e-m/fpv4-sp/hard/libc.a(lib_a-dtoa.o)
 .ARM.attributes
                0x0000000000000d2e       0x34 /usr/local/Cellar/gcc-arm-none-eabi/20180627/bin/../lib/gcc/arm-none-eabi/7.3.1/../../../../arm-none-eabi/lib/thumb/v7e-m/fpv4-sp/hard/libc.a(lib_a-fflush.o)
 .ARM.attributes
                0x0000000000000d62       0x34 /usr/local/Cellar/gcc-arm-none-eabi/20180627/bin/../lib/gcc/arm-none-eabi/7.3.1/../../../../arm-none-eabi/lib/thumb/v7e-m/fpv4-sp/hard/libc.a(lib_a-findfp.o)
 .ARM.attributes
                0x0000000000000d96       0x34 /usr/local/Cellar/gcc-arm-none-eabi/20180627/bin/../lib/gcc/arm-none-eabi/7.3.1/../../../../arm-none-eabi/lib/thumb/v7e-m/fpv4-sp/hard/libc.a(lib_a-fini.o)
 .ARM.attributes
                0x0000000000000dca       0x34 /usr/local/Cellar/gcc-arm-none-eabi/20180627/bin/../lib/gcc/arm-none-eabi/7.3.1/../../../../arm-none-eabi/lib/thumb/v7e-m/fpv4-sp/hard/libc.a(lib_a-freer.o)
 .ARM.attributes
                0x0000000000000dfe       0x34 /usr/local/Cellar/gcc-arm-none-eabi/20180627/bin/../lib/gcc/arm-none-eabi/7.3.1/../../../../arm-none-eabi/lib/thumb/v7e-m/fpv4-sp/hard/libc.a(lib_a-fwalk.o)
 .ARM.attributes
                0x0000000000000e32       0x34 /usr/local/Cellar/gcc-arm-none-eabi/20180627/bin/../lib/gcc/arm-none-eabi/7.3.1/../../../../arm-none-eabi/lib/thumb/v7e-m/fpv4-sp/hard/libc.a(lib_a-localeconv.o)
 .ARM.attributes
                0x0000000000000e66       0x34 /usr/local/Cellar/gcc-arm-none-eabi/20180627/bin/../lib/gcc/arm-none-eabi/7.3.1/../../../../arm-none-eabi/lib/thumb/v7e-m/fpv4-sp/hard/libc.a(lib_a-lock.o)
 .ARM.attributes
                0x0000000000000e9a       0x34 /usr/local/Cellar/gcc-arm-none-eabi/20180627/bin/../lib/gcc/arm-none-eabi/7.3.1/../../../../arm-none-eabi/lib/thumb/v7e-m/fpv4-sp/hard/libc.a(lib_a-makebuf.o)
 .ARM.attributes
                0x0000000000000ece       0x34 /usr/local/Cellar/gcc-arm-none-eabi/20180627/bin/../lib/gcc/arm-none-eabi/7.3.1/../../../../arm-none-eabi/lib/thumb/v7e-m/fpv4-sp/hard/libc.a(lib_a-malloc.o)
 .ARM.attributes
                0x0000000000000f02       0x34 /usr/local/Cellar/gcc-arm-none-eabi/20180627/bin/../lib/gcc/arm-none-eabi/7.3.1/../../../../arm-none-eabi/lib/thumb/v7e-m/fpv4-sp/hard/libc.a(lib_a-mallocr.o)
 .ARM.attributes
                0x0000000000000f36       0x20 /usr/local/Cellar/gcc-arm-none-eabi/20180627/bin/../lib/gcc/arm-none-eabi/7.3.1/../../../../arm-none-eabi/lib/thumb/v7e-m/fpv4-sp/hard/libc.a(lib_a-memchr.o)
 .ARM.attributes
                0x0000000000000f56       0x34 /usr/local/Cellar/gcc-arm-none-eabi/20180627/bin/../lib/gcc/arm-none-eabi/7.3.1/../../../../arm-none-eabi/lib/thumb/v7e-m/fpv4-sp/hard/libc.a(lib_a-mlock.o)
 .ARM.attributes
                0x0000000000000f8a       0x34 /usr/local/Cellar/gcc-arm-none-eabi/20180627/bin/../lib/gcc/arm-none-eabi/7.3.1/../../../../arm-none-eabi/lib/thumb/v7e-m/fpv4-sp/hard/libc.a(lib_a-mprec.o)
 .ARM.attributes
                0x0000000000000fbe       0x34 /usr/local/Cellar/gcc-arm-none-eabi/20180627/bin/../lib/gcc/arm-none-eabi/7.3.1/../../../../arm-none-eabi/lib/thumb/v7e-m/fpv4-sp/hard/libc.a(lib_a-s_frexp.o)
 .ARM.attributes
                0x0000000000000ff2       0x34 /usr/local/Cellar/gcc-arm-none-eabi/20180627/bin/../lib/gcc/arm-none-eabi/7.3.1/../../../../arm-none-eabi/lib/thumb/v7e-m/fpv4-sp/hard/libc.a(lib_a-sbrkr.o)
 .ARM.attributes
                0x0000000000001026       0x34 /usr/local/Cellar/gcc-arm-none-eabi/20180627/bin/../lib/gcc/arm-none-eabi/7.3.1/../../../../arm-none-eabi/lib/thumb/v7e-m/fpv4-sp/hard/libc.a(lib_a-stdio.o)
 .ARM.attributes
                0x000000000000105a       0x34 /usr/local/Cellar/gcc-arm-none-eabi/20180627/bin/../lib/gcc/arm-none-eabi/7.3.1/../../../../arm-none-eabi/lib/thumb/v7e-m/fpv4-sp/hard/libc.a(lib_a-strncpy.o)
 .ARM.attributes
                0x000000000000108e       0x34 /usr/local/Cellar/gcc-arm-none-eabi/20180627/bin/../lib/gcc/arm-none-eabi/7.3.1/../../../../arm-none-eabi/lib/thumb/v7e-m/fpv4-sp/hard/libc.a(lib_a-vfiprintf.o)
 .ARM.attributes
                0x00000000000010c2       0x34 /usr/local/Cellar/gcc-arm-none-eabi/20180627/bin/../lib/gcc/arm-none-eabi/7.3.1/../../../../arm-none-eabi/lib/thumb/v7e-m/fpv4-sp/hard/libc.a(lib_a-__atexit.o)
 .ARM.attributes